Component: Arm Compiler for Embedded 6.22 Tool: armlink [5ee90200]

==============================================================================

Section Cross References

    startup_stm32l073xx.o(STACK) refers (Special) to heapauxi.o(.text) for __use_two_region_memory
    startup_stm32l073xx.o(HEAP) refers (Special) to heapauxi.o(.text) for __use_two_region_memory
    startup_stm32l073xx.o(RESET) refers (Special) to heapauxi.o(.text) for __use_two_region_memory
    startup_stm32l073xx.o(RESET) refers to startup_stm32l073xx.o(STACK) for __initial_sp
    startup_stm32l073xx.o(RESET) refers to startup_stm32l073xx.o(.text) for Reset_Handler
    startup_stm32l073xx.o(RESET) refers to stm32l0xx_it.o(.text.NMI_Handler) for NMI_Handler
    startup_stm32l073xx.o(RESET) refers to stm32l0xx_it.o(.text.HardFault_Handler) for HardFault_Handler
    startup_stm32l073xx.o(RESET) refers to stm32l0xx_it.o(.text.SVC_Handler) for SVC_Handler
    startup_stm32l073xx.o(RESET) refers to stm32l0xx_it.o(.text.PendSV_Handler) for PendSV_Handler
    startup_stm32l073xx.o(RESET) refers to stm32l0xx_it.o(.text.SysTick_Handler) for SysTick_Handler
    startup_stm32l073xx.o(RESET) refers to stm32l0xx_it.o(.text.PVD_IRQHandler) for PVD_IRQHandler
    startup_stm32l073xx.o(RESET) refers to stm32l0xx_it.o(.text.EXTI0_1_IRQHandler) for EXTI0_1_IRQHandler
    startup_stm32l073xx.o(RESET) refers to stm32l0xx_it.o(.text.DMA1_Channel1_IRQHandler) for DMA1_Channel1_IRQHandler
    startup_stm32l073xx.o(RESET) refers to stm32l0xx_it.o(.text.TIM6_DAC_IRQHandler) for TIM6_DAC_IRQHandler
    startup_stm32l073xx.o(RESET) refers to stm32l0xx_it.o(.text.USART2_IRQHandler) for USART2_IRQHandler
    startup_stm32l073xx.o(.text) refers (Special) to heapauxi.o(.text) for __use_two_region_memory
    startup_stm32l073xx.o(.text) refers to system_stm32l0xx.o(.text.SystemInit) for SystemInit
    startup_stm32l073xx.o(.text) refers to __main.o(!!!main) for __main
    startup_stm32l073xx.o(.text) refers to startup_stm32l073xx.o(HEAP) for Heap_Mem
    startup_stm32l073xx.o(.text) refers to startup_stm32l073xx.o(STACK) for Stack_Mem
    fonts.o(.data.Font_7x10) refers to fonts.o(.rodata.Font7x10) for [Anonymous Symbol]
    fonts.o(.data.Font_11x18) refers to fonts.o(.rodata.Font11x18) for [Anonymous Symbol]
    fonts.o(.data.Font_16x26) refers to fonts.o(.rodata.Font16x26) for [Anonymous Symbol]
    ssd1306.o(.text.ssd1306_Init) refers to stm32l0xx_hal.o(.text.HAL_Delay) for HAL_Delay
    ssd1306.o(.text.ssd1306_Init) refers to ssd1306.o(.text.ssd1306_WriteCommand) for ssd1306_WriteCommand
    ssd1306.o(.text.ssd1306_Init) refers to ssd1306.o(.text.ssd1306_Fill) for ssd1306_Fill
    ssd1306.o(.text.ssd1306_Init) refers to ssd1306.o(.text.ssd1306_UpdateScreen) for ssd1306_UpdateScreen
    ssd1306.o(.text.ssd1306_Init) refers to ssd1306.o(.bss.SSD1306) for [Anonymous Symbol]
    ssd1306.o(.ARM.exidx.text.ssd1306_Init) refers to ssd1306.o(.text.ssd1306_Init) for [Anonymous Symbol]
    ssd1306.o(.text.ssd1306_WriteCommand) refers to stm32l0xx_hal_i2c.o(.text.HAL_I2C_Mem_Write) for HAL_I2C_Mem_Write
    ssd1306.o(.ARM.exidx.text.ssd1306_WriteCommand) refers to ssd1306.o(.text.ssd1306_WriteCommand) for [Anonymous Symbol]
    ssd1306.o(.text.ssd1306_Fill) refers to ssd1306.o(.bss.SSD1306_Buffer) for [Anonymous Symbol]
    ssd1306.o(.ARM.exidx.text.ssd1306_Fill) refers to ssd1306.o(.text.ssd1306_Fill) for [Anonymous Symbol]
    ssd1306.o(.text.ssd1306_UpdateScreen) refers to ssd1306.o(.text.ssd1306_WriteCommand) for ssd1306_WriteCommand
    ssd1306.o(.text.ssd1306_UpdateScreen) refers to stm32l0xx_hal_i2c.o(.text.HAL_I2C_Mem_Write) for HAL_I2C_Mem_Write
    ssd1306.o(.text.ssd1306_UpdateScreen) refers to ssd1306.o(.bss.SSD1306_Buffer) for [Anonymous Symbol]
    ssd1306.o(.ARM.exidx.text.ssd1306_UpdateScreen) refers to ssd1306.o(.text.ssd1306_UpdateScreen) for [Anonymous Symbol]
    ssd1306.o(.text.ssd1306_DrawPixel) refers to ssd1306.o(.bss.SSD1306) for [Anonymous Symbol]
    ssd1306.o(.text.ssd1306_DrawPixel) refers to ssd1306.o(.bss.SSD1306_Buffer) for [Anonymous Symbol]
    ssd1306.o(.ARM.exidx.text.ssd1306_DrawPixel) refers to ssd1306.o(.text.ssd1306_DrawPixel) for [Anonymous Symbol]
    ssd1306.o(.text.ssd1306_WriteChar) refers to ssd1306.o(.text.ssd1306_DrawPixel) for ssd1306_DrawPixel
    ssd1306.o(.text.ssd1306_WriteChar) refers to ssd1306.o(.bss.SSD1306) for [Anonymous Symbol]
    ssd1306.o(.ARM.exidx.text.ssd1306_WriteChar) refers to ssd1306.o(.text.ssd1306_WriteChar) for [Anonymous Symbol]
    ssd1306.o(.text.ssd1306_WriteString) refers to ssd1306.o(.text.ssd1306_WriteChar) for ssd1306_WriteChar
    ssd1306.o(.ARM.exidx.text.ssd1306_WriteString) refers to ssd1306.o(.text.ssd1306_WriteString) for [Anonymous Symbol]
    ssd1306.o(.text.ssd1306_InvertColors) refers to ssd1306.o(.bss.SSD1306) for [Anonymous Symbol]
    ssd1306.o(.ARM.exidx.text.ssd1306_InvertColors) refers to ssd1306.o(.text.ssd1306_InvertColors) for [Anonymous Symbol]
[...]
    _printf_u                                0x080001b5   Thumb Code     0  _printf_u.o(.ARM.Collect$$_printf_percent$$0000000A)
    _printf_o                                0x080001bf   Thumb Code     0  _printf_o.o(.ARM.Collect$$_printf_percent$$0000000B)
    _printf_x                                0x080001c9   Thumb Code     0  _printf_x.o(.ARM.Collect$$_printf_percent$$0000000C)
    _printf_lli                              0x080001d3   Thumb Code     0  _printf_lli.o(.ARM.Collect$$_printf_percent$$0000000D)
    _printf_lld                              0x080001dd   Thumb Code     0  _printf_lld.o(.ARM.Collect$$_printf_percent$$0000000E)
    _printf_llu                              0x080001e7   Thumb Code     0  _printf_llu.o(.ARM.Collect$$_printf_percent$$0000000F)
    _printf_llo                              0x080001f1   Thumb Code     0  _printf_llo.o(.ARM.Collect$$_printf_percent$$00000010)
    _printf_llx                              0x080001fb   Thumb Code     0  _printf_llx.o(.ARM.Collect$$_printf_percent$$00000011)
    _printf_l                                0x08000205   Thumb Code     0  _printf_l.o(.ARM.Collect$$_printf_percent$$00000012)
    _printf_c                                0x0800020f   Thumb Code     0  _printf_c.o(.ARM.Collect$$_printf_percent$$00000013)
    _printf_s                                0x08000219   Thumb Code     0  _printf_s.o(.ARM.Collect$$_printf_percent$$00000014)
    _printf_lc                               0x08000223   Thumb Code     0  _printf_lc.o(.ARM.Collect$$_printf_percent$$00000015)
    _printf_ls                               0x0800022d   Thumb Code     0  _printf_ls.o(.ARM.Collect$$_printf_percent$$00000016)
    _printf_percent_end                      0x08000237   Thumb Code     0  _printf_percent_end.o(.ARM.Collect$$_printf_percent$$00000017)
    __rt_lib_init                            0x0800023b   Thumb Code     0  libinit.o(.ARM.Collect$$libinit$$00000000)
    __rt_lib_init_fp_1                       0x0800023d   Thumb Code     0  libinit2.o(.ARM.Collect$$libinit$$00000002)
    __rt_lib_init_heap_1                     0x0800023d   Thumb Code     0  libinit2.o(.ARM.Collect$$libinit$$0000000C)
    __rt_lib_init_lc_common                  0x0800023d   Thumb Code     0  libinit2.o(.ARM.Collect$$libinit$$00000011)
    __rt_lib_init_preinit_1                  0x0800023d   Thumb Code     0  libinit2.o(.ARM.Collect$$libinit$$00000006)
    __rt_lib_init_rand_1                     0x0800023d   Thumb Code     0  libinit2.o(.ARM.Collect$$libinit$$00000010)
    __rt_lib_init_relocate_pie_1             0x0800023d   Thumb Code     0  libinit2.o(.ARM.Collect$$libinit$$00000004)
    __rt_lib_init_user_alloc_1               0x0800023d   Thumb Code     0  libinit2.o(.ARM.Collect$$libinit$$0000000E)
    __rt_lib_init_lc_collate_1               0x08000243   Thumb Code     0  libinit2.o(.ARM.Collect$$libinit$$00000013)
    __rt_lib_init_lc_ctype_2                 0x08000243   Thumb Code     0  libinit2.o(.ARM.Collect$$libinit$$00000014)
    __rt_lib_init_lc_ctype_1                 0x0800024f   Thumb Code     0  libinit2.o(.ARM.Collect$$libinit$$00000015)
    __rt_lib_init_lc_monetary_1              0x0800024f   Thumb Code     0  libinit2.o(.ARM.Collect$$libinit$$00000017)
    __rt_lib_init_lc_numeric_2               0x0800024f   Thumb Code     0  libinit2.o(.ARM.Collect$$libinit$$00000018)
    __rt_lib_init_alloca_1                   0x08000259   Thumb Code     0  libinit2.o(.ARM.Collect$$libinit$$00000030)
    __rt_lib_init_argv_1                     0x08000259   Thumb Code     0  libinit2.o(.ARM.Collect$$libinit$$0000002E)
    __rt_lib_init_atexit_1                   0x08000259   Thumb Code     0  libinit2.o(.ARM.Collect$$libinit$$0000001D)
    __rt_lib_init_clock_1                    0x08000259   Thumb Code     0  libinit2.o(.ARM.Collect$$libinit$$00000023)
    __rt_lib_init_cpp_1                      0x08000259   Thumb Code     0  libinit2.o(.ARM.Collect$$libinit$$00000034)
    __rt_lib_init_exceptions_1               0x08000259   Thumb Code     0  libinit2.o(.ARM.Collect$$libinit$$00000032)
    __rt_lib_init_fp_trap_1                  0x08000259   Thumb Code     0  libinit2.o(.ARM.Collect$$libinit$$00000021)
    __rt_lib_init_getenv_1                   0x08000259   Thumb Code     0  libinit2.o(.ARM.Collect$$libinit$$00000025)
    __rt_lib_init_lc_numeric_1               0x08000259   Thumb Code     0  libinit2.o(.ARM.Collect$$libinit$$00000019)
    __rt_lib_init_lc_time_1                  0x08000259   Thumb Code     0  libinit2.o(.ARM.Collect$$libinit$$0000001B)
    __rt_lib_init_return                     0x08000259   Thumb Code     0  libinit2.o(.ARM.Collect$$libinit$$00000035)
    __rt_lib_init_signal_1                   0x08000259   Thumb Code     0  libinit2.o(.ARM.Collect$$libinit$$0000001F)
    __rt_lib_init_stdio_1                    0x08000259   Thumb Code     0  libinit2.o(.ARM.Collect$$libinit$$00000027)
    __rt_lib_shutdown                        0x0800025b   Thumb Code     0  libshutdown.o(.ARM.Collect$$libshutdown$$00000000)
    __rt_lib_shutdown_cpp_1                  0x0800025d   Thumb Code     0  libshutdown2.o(.ARM.Collect$$libshutdown$$00000002)
    __rt_lib_shutdown_fp_trap_1              0x0800025d   Thumb Code     0  libshutdown2.o(.ARM.Collect$$libshutdown$$00000007)
    __rt_lib_shutdown_heap_1                 0x0800025d   Thumb Code     0  libshutdown2.o(.ARM.Collect$$libshutdown$$0000000F)
    __rt_lib_shutdown_return                 0x0800025d   Thumb Code     0  libshutdown2.o(.ARM.Collect$$libshutdown$$00000010)
    __rt_lib_shutdown_signal_1               0x0800025d   Thumb Code     0  libshutdown2.o(.ARM.Collect$$libshutdown$$0000000A)
    __rt_lib_shutdown_stdio_1                0x0800025d   Thumb Code     0  libshutdown2.o(.ARM.Collect$$libshutdown$$00000004)
    __rt_lib_shutdown_user_alloc_1           0x0800025d   Thumb Code     0  libshutdown2.o(.ARM.Collect$$libshutdown$$0000000C)
    __rt_entry                               0x0800025f   Thumb Code     0  __rtentry.o(.ARM.Collect$$rtentry$$00000000)
    __rt_entry_presh_1                       0x0800025f   Thumb Code     0  __rtentry2.o(.ARM.Collect$$rtentry$$00000002)
    __rt_entry_sh                            0x0800025f   Thumb Code     0  __rtentry4.o(.ARM.Collect$$rtentry$$00000004)
    __rt_entry_li                            0x08000265   Thumb Code     0  __rtentry2.o(.ARM.Collect$$rtentry$$0000000A)
    __rt_entry_postsh_1                      0x08000265   Thumb Code     0  __rtentry2.o(.ARM.Collect$$rtentry$$00000009)
    __rt_entry_main                          0x08000269   Thumb Code     0  __rtentry2.o(.ARM.Collect$$rtentry$$0000000D)
    __rt_entry_postli_1                      0x08000269   Thumb Code     0  __rtentry2.o(.ARM.Collect$$rtentry$$0000000C)
    __rt_exit                                0x08000271   Thumb Code     0  rtexit.o(.ARM.Collect$$rtexit$$00000000)
    __rt_exit_ls                             0x08000273   Thumb Code     0  rtexit2.o(.ARM.Collect$$rtexit$$00000003)
    __rt_exit_prels_1                        0x08000273   Thumb Code     0  rtexit2.o(.ARM.Collect$$rtexit$$00000002)
    __rt_exit_exit                           0x08000277   Thumb Code     0  rtexit2.o(.ARM.Collect$$rtexit$$00000004)
    Reset_Handler                            0x0800027d   Thumb Code     8  startup_stm32l073xx.o(.text)
    ADC1_COMP_IRQHandler                     0x0800028f   Thumb Code     0  startup_stm32l073xx.o(.text)
    DMA1_Channel2_3_IRQHandler               0x0800028f   Thumb Code     0  startup_stm32l073xx.o(.text)
    DMA1_Channel4_5_6_7_IRQHandler           0x0800028f   Thumb Code     0  startup_stm32l073xx.o(.text)
    EXTI2_3_IRQHandler                       0x0800028f   Thumb Code     0  startup_stm32l073xx.o(.text)
    EXTI4_15_IRQHandler                      0x0800028f   Thumb Code     0  startup_stm32l073xx.o(.text)
    FLASH_IRQHandler                         0x0800028f   Thumb Code     0  startup_stm32l073xx.o(.text)
    I2C1_IRQHandler                          0x0800028f   Thumb Code     0  startup_stm32l073xx.o(.text)
    I2C2_IRQHandler                          0x0800028f   Thumb Code     0  startup_stm32l073xx.o(.text)
    I2C3_IRQHandler                          0x0800028f   Thumb Code     0  startup_stm32l073xx.o(.text)
    LCD_IRQHandler                           0x0800028f   Thumb Code     0  startup_stm32l073xx.o(.text)
    LPTIM1_IRQHandler                        0x0800028f   Thumb Code     0  startup_stm32l073xx.o(.text)
    RCC_CRS_IRQHandler                       0x0800028f   Thumb Code     0  startup_stm32l073xx.o(.text)
    RNG_LPUART1_IRQHandler                   0x0800028f   Thumb Code     0  startup_stm32l073xx.o(.text)
    RTC_IRQHandler                           0x0800028f   Thumb Code     0  startup_stm32l073xx.o(.text)
    SPI1_IRQHandler                          0x0800028f   Thumb Code     0  startup_stm32l073xx.o(.text)
    SPI2_IRQHandler                          0x0800028f   Thumb Code     0  startup_stm32l073xx.o(.text)
    TIM21_IRQHandler                         0x0800028f   Thumb Code     0  startup_stm32l073xx.o(.text)
    TIM22_IRQHandler                         0x0800028f   Thumb Code     0  startup_stm32l073xx.o(.text)
    TIM2_IRQHandler                          0x0800028f   Thumb Code     0  startup_stm32l073xx.o(.text)
    TIM3_IRQHandler                          0x0800028f   Thumb Code     0  startup_stm32l073xx.o(.text)
    TIM7_IRQHandler                          0x0800028f   Thumb Code     0  startup_stm32l073xx.o(.text)
    TSC_IRQHandler                           0x0800028f   Thumb Code     0  startup_stm32l073xx.o(.text)
    USART1_IRQHandler                        0x0800028f   Thumb Code     0  startup_stm32l073xx.o(.text)
    USART4_5_IRQHandler                      0x0800028f   Thumb Code     0  startup_stm32l073xx.o(.text)
    USB_IRQHandler                           0x0800028f   Thumb Code     0  startup_stm32l073xx.o(.text)
    WWDG_IRQHandler                          0x0800028f   Thumb Code     0  startup_stm32l073xx.o(.text)
    __user_initial_stackheap                 0x08000291   Thumb Code     0  startup_stm32l073xx.o(.text)
    __aeabi_lmul                             0x080002b5   Thumb Code    48  llmul.o(.text)
    _ll_mul                                  0x080002b5   Thumb Code     0  llmul.o(.text)
    __aeabi_uldivmod                         0x080002e5   Thumb Code   272  lludiv.o(.text)
    _ll_udiv                                 0x080002e5   Thumb Code     0  lludiv.o(.text)
    sprintf                                  0x080003f5   Thumb Code    40  sprintf.o(.text)
    snprintf                                 0x08000421   Thumb Code    60  snprintf.o(.text)
    strlen                                   0x08000461   Thumb Code    62  strlen.o(.text)
    _memset_w                                0x080004a5   Thumb Code    26  rt_memclr.o(.text)
    _memset                                  0x080004bf   Thumb Code    30  rt_memclr.o(.text)
    __aeabi_memclr                           0x080004dd   Thumb Code     4  rt_memclr.o(.text)
    __rt_memclr                              0x080004dd   Thumb Code     0  rt_memclr.o(.text)
    __aeabi_memclr4                          0x080004e1   Thumb Code     0  rt_memclr.o(.text)
    __aeabi_memclr8                          0x080004e1   Thumb Code     0  rt_memclr.o(.text)
    __rt_memclr_w                            0x080004e1   Thumb Code     4  rt_memclr.o(.text)
    __aeabi_uidiv                            0x080004e5   Thumb Code     0  aeabi_sdiv.o(.text)
    __aeabi_uidivmod                         0x080004e5   Thumb Code    20  aeabi_sdiv.o(.text)
    __aeabi_idiv                             0x080004f9   Thumb Code     0  aeabi_sdiv.o(.text)
    __aeabi_idivmod                          0x080004f9   Thumb Code   338  aeabi_sdiv.o(.text)
    __use_two_region_memory                  0x08000651   Thumb Code     2  heapauxi.o(.text)
    __rt_heap_escrow$2region                 0x08000653   Thumb Code     2  heapauxi.o(.text)
    __rt_heap_expand$2region                 0x08000655   Thumb Code     2  heapauxi.o(.text)
    __aeabi_d2f                              0x08000659   Thumb Code     0  d2f.o(.text)
    __truncdfsf2                             0x08000659   Thumb Code     0  d2f.o(.text)
    _d2f                                     0x08000659   Thumb Code   120  d2f.o(.text)
    __aeabi_dmul                             0x080006d5   Thumb Code     0  dmul.o(.text)
    __muldf3                                 0x080006d5   Thumb Code     0  dmul.o(.text)
    _dmul                                    0x080006d5   Thumb Code   558  dmul.o(.text)
    __aeabi_f2d                              0x0800091d   Thumb Code     0  f2d.o(.text)
    __extendsfdf2                            0x0800091d   Thumb Code     0  f2d.o(.text)
    _f2d                                     0x0800091d   Thumb Code    80  f2d.o(.text)
    __aeabi_fdiv                             0x08000971   Thumb Code     0  fdiv.o(.text)
    __divsf3                                 0x08000971   Thumb Code     0  fdiv.o(.text)
    _fdiv                                    0x08000971   Thumb Code   334  fdiv.o(.text)
    _frdiv                                   0x08000abf   Thumb Code     8  fdiv.o(.text)
    __aeabi_i2f_normalise                    0x08000ad1   Thumb Code    72  fflti.o(.text)
    __aeabi_i2f                              0x08000b19   Thumb Code    16  fflti.o(.text)
    _fflt                                    0x08000b19   Thumb Code     0  fflti.o(.text)
    __aeabi_ui2f                             0x08000b29   Thumb Code     6  fflti.o(.text)
    _ffltu                                   0x08000b29   Thumb Code     0  fflti.o(.text)
    __read_errno                             0x08000b2f   Thumb Code    10  _rserrno.o(.text)
    __set_errno                              0x08000b39   Thumb Code    12  _rserrno.o(.text)
    _printf_pre_padding                      0x08000b45   Thumb Code    44  _printf_pad.o(.text)
    _printf_post_padding                     0x08000b71   Thumb Code    34  _printf_pad.o(.text)
    _printf_truncate_signed                  0x08000b93   Thumb Code    18  _printf_truncate.o(.text)
    _printf_truncate_unsigned                0x08000ba5   Thumb Code    18  _printf_truncate.o(.text)
    _printf_str                              0x08000bb7   Thumb Code    82  _printf_str.o(.text)
    _printf_int_dec                          0x08000c09   Thumb Code    90  _printf_dec.o(.text)
    _printf_charcount                        0x08000c75   Thumb Code    38  _printf_charcount.o(.text)
    _printf_char_common                      0x08000ca7   Thumb Code    32  _printf_char_common.o(.text)
    _sputc                                   0x08000ccd   Thumb Code    10  _sputc.o(.text)
    _snputc                                  0x08000cd7   Thumb Code    16  _snputc.o(.text)
    _printf_wctomb                           0x08000ce9   Thumb Code   182  _printf_wctomb.o(.text)
    _printf_longlong_dec                     0x08000da5   Thumb Code    94  _printf_longlong_dec.o(.text)
    _printf_longlong_oct                     0x08000e15   Thumb Code    68  _printf_oct_int_ll.o(.text)
    _printf_int_oct                          0x08000e59   Thumb Code    24  _printf_oct_int_ll.o(.text)
    _printf_ll_oct                           0x08000e71   Thumb Code    10  _printf_oct_int_ll.o(.text)
    _printf_longlong_hex                     0x08000e85   Thumb Code    88  _printf_hex_int_ll_ptr.o(.text)
    _printf_int_hex                          0x08000edd   Thumb Code    28  _printf_hex_int_ll_ptr.o(.text)
    _printf_ll_hex                           0x08000ef9   Thumb Code    10  _printf_hex_int_ll_ptr.o(.text)
    _printf_hex_ptr                          0x08000f03   Thumb Code    22  _printf_hex_int_ll_ptr.o(.text)
    __printf                                 0x08000f1d   Thumb Code   386  __printf_flags_ss_wp.o(.text)
    __ARM_scalbnf                            0x080010a5   Thumb Code    64  fscalbn.o(.text)
    __aeabi_errno_addr                       0x080010e9   Thumb Code     8  rt_errno_addr_intlibspace.o(.text)
    __errno$intlibspace                      0x080010e9   Thumb Code     0  rt_errno_addr_intlibspace.o(.text)
    __rt_errno_addr$intlibspace              0x080010e9   Thumb Code     0  rt_errno_addr_intlibspace.o(.text)
    _ll_udiv10                               0x080010f1   Thumb Code   122  lludiv10.o(.text)
    _printf_int_common                       0x0800116b   Thumb Code   176  _printf_intcommon.o(.text)
    _printf_fp_dec_real                      0x080013b9   Thumb Code   620  _printf_fp_dec.o(.text)
    _printf_fp_hex_real                      0x08001631   Thumb Code   718  _printf_fp_hex.o(.text)
    _printf_cs_common                        0x08001909   Thumb Code    22  _printf_char.o(.text)
    _printf_char                             0x0800191f   Thumb Code    16  _printf_char.o(.text)
    _printf_string                           0x0800192f   Thumb Code     8  _printf_char.o(.text)
    _printf_lcs_common                       0x08001937   Thumb Code    22  _printf_wchar.o(.text)
    _printf_wchar                            0x0800194d   Thumb Code    16  _printf_wchar.o(.text)
    _printf_wstring                          0x0800195d   Thumb Code     8  _printf_wchar.o(.text)
    _c16rtomb                                0x08001965   Thumb Code    66  _c16rtomb.o(.text)
    _wcrtomb                                 0x08001965   Thumb Code     0  _c16rtomb.o(.text)
    __rt_udiv10                              0x080019a7   Thumb Code    40  rtudiv10.o(.text)
    __fpl_fcmp_InfNaN                        0x080019d1   Thumb Code    96  fcmpin.o(.text)
    __user_libspace                          0x08001a35   Thumb Code     8  libspace.o(.text)
    __user_perproc_libspace                  0x08001a35   Thumb Code     0  libspace.o(.text)
    __user_perthread_libspace                0x08001a35   Thumb Code     0  libspace.o(.text)
    __user_setup_stackheap                   0x08001a3d   Thumb Code    62  sys_stackheap_outer.o(.text)
    __rt_ctype_table                         0x08001a7d   Thumb Code    16  rt_ctype_table.o(.text)
    __rt_locale                              0x08001a8d   Thumb Code     8  rt_locale_intlibspace.o(.text)
    _printf_fp_infnan                        0x08001a95   Thumb Code   120  _printf_fp_infnan.o(.text)
    _btod_etento                             0x08001b1d   Thumb Code   210  bigflt0.o(.text)
    _btod_d2e                                0x08001bf5   Thumb Code    64  btod.o(.text)
    _btod_emul                               0x08002029   Thumb Code    28  btod.o(.text)
    _btod_emuld                              0x08002045   Thumb Code   144  btod.o(.text)
    _btod_ediv                               0x080020d5   Thumb Code    26  btod.o(.text)
    _btod_edivd                              0x080020ef   Thumb Code   124  btod.o(.text)
    exit                                     0x08002175   Thumb Code    16  exit.o(.text)
    __fpl_cmpreturn                          0x08002185   Thumb Code    46  cmpret.o(.text)
    __fpl_fcheck_NaN2                        0x080021b5   Thumb Code    10  fnan2.o(.text)
    strcmp                                   0x080021c5   Thumb Code   132  strcmp.o(.text)
    __fpl_return_NaN                         0x0800224d   Thumb Code    94  retnan.o(.text)
    _sys_exit                                0x080022ad   Thumb Code     8  sys_exit.o(.text)
    __I$use$semihosting                      0x080022b9   Thumb Code     0  use_no_semi.o(.text)
    __use_no_semihosting_swi                 0x080022b9   Thumb Code     2  use_no_semi.o(.text)
    __semihosting_library_function           0x080022bb   Thumb Code     0  indicate_semi.o(.text)
    DMA1_Channel1_IRQHandler                 0x080024b5   Thumb Code    12  stm32l0xx_it.o(.text.DMA1_Channel1_IRQHandler)
    EXTI0_1_IRQHandler                       0x08002519   Thumb Code    10  stm32l0xx_it.o(.text.EXTI0_1_IRQHandler)
    Error_Handler                            0x08002523   Thumb Code    14  main.o(.text.Error_Handler)
    EventRecord2                             0x080025b5   Thumb Code    92  eventrecorder.o(.text.EventRecord2)
    EventRecorderEnable                      0x08002701   Thumb Code   144  eventrecorder.o(.text.EventRecorderEnable)
    EventRecorderInitialize                  0x08002791   Thumb Code   344  eventrecorder.o(.text.EventRecorderInitialize)
    EventRecorderStart                       0x08002905   Thumb Code    60  eventrecorder.o(.text.EventRecorderStart)
    EventRecorderTimerGetCount               0x08002949   Thumb Code    12  eventrecorder.o(.text.EventRecorderTimerGetCount)
    EventRecorderTimerGetFreq                0x08002955   Thumb Code     4  eventrecorder.o(.text.EventRecorderTimerGetFreq)
    EventRecorderTimerSetup                  0x08002959   Thumb Code    12  eventrecorder.o(.text.EventRecorderTimerSetup)
    HAL_ADC_ConfigChannel                    0x08002979   Thumb Code   336  stm32l0xx_hal_adc.o(.text.HAL_ADC_ConfigChannel)
    HAL_ADC_ConvCpltCallback                 0x08002ad5   Thumb Code    32  main.o(.text.HAL_ADC_ConvCpltCallback)
    HAL_ADC_ConvHalfCpltCallback             0x08002afd   Thumb Code     8  stm32l0xx_hal_adc.o(.text.HAL_ADC_ConvHalfCpltCallback)
    HAL_ADC_ErrorCallback                    0x08002b05   Thumb Code     8  stm32l0xx_hal_adc.o(.text.HAL_ADC_ErrorCallback)
    HAL_ADC_Init                             0x08002b0d   Thumb Code   680  stm32l0xx_hal_adc.o(.text.HAL_ADC_Init)
    HAL_ADC_MspInit                          0x08002dbd   Thumb Code   204  stm32l0xx_hal_msp.o(.text.HAL_ADC_MspInit)
    HAL_ADC_Start_DMA                        0x08002ea1   Thumb Code   248  stm32l0xx_hal_adc.o(.text.HAL_ADC_Start_DMA)
    HAL_DMA_Abort                            0x08002fa9   Thumb Code   122  stm32l0xx_hal_dma.o(.text.HAL_DMA_Abort)
    HAL_DMA_Abort_IT                         0x08003023   Thumb Code   124  stm32l0xx_hal_dma.o(.text.HAL_DMA_Abort_IT)
    HAL_DMA_IRQHandler                       0x0800309f   Thumb Code   348  stm32l0xx_hal_dma.o(.text.HAL_DMA_IRQHandler)
    HAL_DMA_Init                             0x080031fd   Thumb Code   204  stm32l0xx_hal_dma.o(.text.HAL_DMA_Init)
    HAL_DMA_Start_IT                         0x080032d9   Thumb Code   202  stm32l0xx_hal_dma.o(.text.HAL_DMA_Start_IT)
    HAL_Delay                                0x080033a5   Thumb Code    64  stm32l0xx_hal.o(.text.HAL_Delay)
    HAL_GPIO_EXTI_Callback                   0x080033e9   Thumb Code    10  stm32l0xx_hal_gpio.o(.text.HAL_GPIO_EXTI_Callback)
    HAL_GPIO_EXTI_IRQHandler                 0x080033f5   Thumb Code    40  stm32l0xx_hal_gpio.o(.text.HAL_GPIO_EXTI_IRQHandler)
    HAL_GPIO_Init                            0x08003421   Thumb Code   744  stm32l0xx_hal_gpio.o(.text.HAL_GPIO_Init)
    HAL_GPIO_WritePin                        0x08003735   Thumb Code    44  stm32l0xx_hal_gpio.o(.text.HAL_GPIO_WritePin)
    HAL_GetTick                              0x08003761   Thumb Code     8  stm32l0xx_hal.o(.text.HAL_GetTick)
    HAL_I2CEx_ConfigAnalogFilter             0x0800376d   Thumb Code   150  stm32l0xx_hal_i2c_ex.o(.text.HAL_I2CEx_ConfigAnalogFilter)
    HAL_I2CEx_ConfigDigitalFilter            0x08003803   Thumb Code   160  stm32l0xx_hal_i2c_ex.o(.text.HAL_I2CEx_ConfigDigitalFilter)
    HAL_I2C_Init                             0x080038a5   Thumb Code   264  stm32l0xx_hal_i2c.o(.text.HAL_I2C_Init)
    HAL_I2C_Mem_Write                        0x080039b1   Thumb Code   600  stm32l0xx_hal_i2c.o(.text.HAL_I2C_Mem_Write)
    HAL_I2C_MspInit                          0x08003c0d   Thumb Code   176  stm32l0xx_hal_msp.o(.text.HAL_I2C_MspInit)
    HAL_IncTick                              0x08003cd1   Thumb Code    16  stm32l0xx_hal.o(.text.HAL_IncTick)
    HAL_Init                                 0x08003ce5   Thumb Code    52  stm32l0xx_hal.o(.text.HAL_Init)
    HAL_InitTick                             0x08003d1d   Thumb Code   100  stm32l0xx_hal.o(.text.HAL_InitTick)
    HAL_MspInit                              0x08003d8d   Thumb Code    44  stm32l0xx_hal_msp.o(.text.HAL_MspInit)
    HAL_NVIC_EnableIRQ                       0x08003dc1   Thumb Code    22  stm32l0xx_hal_cortex.o(.text.HAL_NVIC_EnableIRQ)
    HAL_NVIC_SetPriority                     0x08003dd7   Thumb Code    28  stm32l0xx_hal_cortex.o(.text.HAL_NVIC_SetPriority)
    HAL_PWR_EnterSLEEPMode                   0x08003df5   Thumb Code   156  stm32l0xx_hal_pwr.o(.text.HAL_PWR_EnterSLEEPMode)
    HAL_PWR_PVDCallback                      0x08003e99   Thumb Code     2  stm32l0xx_hal_pwr.o(.text.HAL_PWR_PVDCallback)
    HAL_PWR_PVD_IRQHandler                   0x08003e9d   Thumb Code    32  stm32l0xx_hal_pwr.o(.text.HAL_PWR_PVD_IRQHandler)
    HAL_RCCEx_PeriphCLKConfig                0x08003ec1   Thumb Code   760  stm32l0xx_hal_rcc_ex.o(.text.HAL_RCCEx_PeriphCLKConfig)
    HAL_RCC_ClockConfig                      0x080041d1   Thumb Code   744  stm32l0xx_hal_rcc.o(.text.HAL_RCC_ClockConfig)
    HAL_RCC_GetHCLKFreq                      0x080044c9   Thumb Code     8  stm32l0xx_hal_rcc.o(.text.HAL_RCC_GetHCLKFreq)
    HAL_RCC_GetPCLK1Freq                     0x080044d5   Thumb Code    28  stm32l0xx_hal_rcc.o(.text.HAL_RCC_GetPCLK1Freq)
    HAL_RCC_GetPCLK2Freq                     0x080044f1   Thumb Code    28  stm32l0xx_hal_rcc.o(.text.HAL_RCC_GetPCLK2Freq)
    HAL_RCC_GetSysClockFreq                  0x08004515   Thumb Code   288  stm32l0xx_hal_rcc.o(.text.HAL_RCC_GetSysClockFreq)
    HAL_RCC_OscConfig                        0x08004651   Thumb Code  2124  stm32l0xx_hal_rcc.o(.text.HAL_RCC_OscConfig)
    HAL_ResumeTick                           0x08004ec1   Thumb Code    12  stm32l0xx_hal.o(.text.HAL_ResumeTick)
    HAL_SYSTICK_Config                       0x08004ecd   Thumb Code    16  stm32l0xx_hal_cortex.o(.text.HAL_SYSTICK_Config)
    HAL_SuspendTick                          0x08004edd   Thumb Code    12  stm32l0xx_hal.o(.text.HAL_SuspendTick)
    HAL_TIMEx_MasterConfigSynchronization    0x08004eed   Thumb Code   204  stm32l0xx_hal_tim_ex.o(.text.HAL_TIMEx_MasterConfigSynchronization)
    HAL_TIM_Base_Init                        0x08004fb9   Thumb Code   128  stm32l0xx_hal_tim.o(.text.HAL_TIM_Base_Init)
    HAL_TIM_Base_MspInit                     0x08005039   Thumb Code    52  stm32l0xx_hal_msp.o(.text.HAL_TIM_Base_MspInit)
    HAL_TIM_Base_Start_IT                    0x08005075   Thumb Code   160  stm32l0xx_hal_tim.o(.text.HAL_TIM_Base_Start_IT)
    HAL_TIM_IC_CaptureCallback               0x08005121   Thumb Code     8  stm32l0xx_hal_tim.o(.text.HAL_TIM_IC_CaptureCallback)
    HAL_TIM_IRQHandler                       0x08005129   Thumb Code   510  stm32l0xx_hal_tim.o(.text.HAL_TIM_IRQHandler)
    HAL_TIM_OC_DelayElapsedCallback          0x08005327   Thumb Code     8  stm32l0xx_hal_tim.o(.text.HAL_TIM_OC_DelayElapsedCallback)
    HAL_TIM_PWM_PulseFinishedCallback        0x0800532f   Thumb Code     8  stm32l0xx_hal_tim.o(.text.HAL_TIM_PWM_PulseFinishedCallback)
    HAL_TIM_PeriodElapsedCallback            0x08005339   Thumb Code    44  main.o(.text.HAL_TIM_PeriodElapsedCallback)
    HAL_TIM_TriggerCallback                  0x08005371   Thumb Code     8  stm32l0xx_hal_tim.o(.text.HAL_TIM_TriggerCallback)
    HAL_UARTEx_RxEventCallback               0x08005379   Thumb Code    12  stm32l0xx_hal_uart.o(.text.HAL_UARTEx_RxEventCallback)
    HAL_UARTEx_WakeupCallback                0x08005385   Thumb Code     8  stm32l0xx_hal_uart_ex.o(.text.HAL_UARTEx_WakeupCallback)
    HAL_UART_ErrorCallback                   0x0800538d   Thumb Code     8  stm32l0xx_hal_uart.o(.text.HAL_UART_ErrorCallback)
    HAL_UART_GetError                        0x08005395   Thumb Code    14  stm32l0xx_hal_uart.o(.text.HAL_UART_GetError)
    HAL_UART_IRQHandler                      0x080053a5   Thumb Code  1284  stm32l0xx_hal_uart.o(.text.HAL_UART_IRQHandler)
    HAL_UART_Init                            0x080058ad   Thumb Code   176  stm32l0xx_hal_uart.o(.text.HAL_UART_Init)
    HAL_UART_MspInit                         0x0800595d   Thumb Code   120  stm32l0xx_hal_msp.o(.text.HAL_UART_MspInit)
    HAL_UART_Transmit_IT                     0x080059e1   Thumb Code   288  stm32l0xx_hal_uart.o(.text.HAL_UART_Transmit_IT)
    HAL_UART_TxCpltCallback                  0x08005b09   Thumb Code    28  main.o(.text.HAL_UART_TxCpltCallback)
    HandleError                              0x08005b29   Thumb Code    16  main.o(.text.HandleError)
    HardFault_Handler                        0x08005b3d   Thumb Code     4  stm32l0xx_it.o(.text.HardFault_Handler)
    MyErrorHandlerADC                        0x08006381   Thumb Code     2  main.o(.text.MyErrorHandlerADC)
    NMI_Handler                              0x08006383   Thumb Code     4  stm32l0xx_it.o(.text.NMI_Handler)
    PVD_IRQHandler                           0x08006387   Thumb Code     8  stm32l0xx_it.o(.text.PVD_IRQHandler)
    PendSV_Handler                           0x0800638f   Thumb Code     2  stm32l0xx_it.o(.text.PendSV_Handler)
    SVC_Handler                              0x08006391   Thumb Code     2  stm32l0xx_it.o(.text.SVC_Handler)
    SysTick_Handler                          0x080063e5   Thumb Code     8  stm32l0xx_it.o(.text.SysTick_Handler)
    SystemClock_Config                       0x080063ed   Thumb Code   168  main.o(.text.SystemClock_Config)
    SystemInit                               0x08006499   Thumb Code     2  system_stm32l0xx.o(.text.SystemInit)
    TIM6_DAC_IRQHandler                      0x0800649d   Thumb Code    12  stm32l0xx_it.o(.text.TIM6_DAC_IRQHandler)
    UART_AdvFeatureConfig                    0x08006571   Thumb Code   346  stm32l0xx_hal_uart.o(.text.UART_AdvFeatureConfig)
    UART_CheckIdleState                      0x080066cd   Thumb Code   160  stm32l0xx_hal_uart.o(.text.UART_CheckIdleState)
    UART_SetConfig                           0x0800688d   Thumb Code  1256  stm32l0xx_hal_uart.o(.text.UART_SetConfig)
    UART_WaitOnFlagUntilTimeout              0x08006edd   Thumb Code   394  stm32l0xx_hal_uart.o(.text.UART_WaitOnFlagUntilTimeout)
    USART2_IRQHandler                        0x08007069   Thumb Code    12  stm32l0xx_it.o(.text.USART2_IRQHandler)
    main                                     0x080073d9   Thumb Code   224  main.o(.text.main)
    ssd1306_DrawPixel                        0x0800771d   Thumb Code   140  ssd1306.o(.text.ssd1306_DrawPixel)
    ssd1306_Fill                             0x080077a9   Thumb Code    64  ssd1306.o(.text.ssd1306_Fill)
    ssd1306_Init                             0x080077e9   Thumb Code   528  ssd1306.o(.text.ssd1306_Init)
    ssd1306_SetCursor                        0x080079f9   Thumb Code    28  ssd1306.o(.text.ssd1306_SetCursor)
    ssd1306_UpdateScreen                     0x08007a19   Thumb Code   100  ssd1306.o(.text.ssd1306_UpdateScreen)
    ssd1306_WriteChar                        0x08007a81   Thumb Code   240  ssd1306.o(.text.ssd1306_WriteChar)
    ssd1306_WriteString                      0x08007b9d   Thumb Code    88  ssd1306.o(.text.ssd1306_WriteString)
    statechart_displayInfo                   0x08007c7d   Thumb Code   144  main.o(.text.statechart_displayInfo)
    statechart_enter                         0x08007d2d   Thumb Code   114  statechart.o(.text.statechart_enter)
    statechart_init                          0x08007ed9   Thumb Code    86  statechart.o(.text.statechart_init)
    statechart_processData                   0x08007f51   Thumb Code   344  main.o(.text.statechart_processData)
    statechart_raise_ev_ADCSampleReady       0x080080cd   Thumb Code    26  statechart.o(.text.statechart_raise_ev_ADCSampleReady)
    statechart_raise_ev_GetSample            0x080080e7   Thumb Code    26  statechart.o(.text.statechart_raise_ev_GetSample)
    statechart_readADCSample                 0x08008101   Thumb Code    24  main.o(.text.statechart_readADCSample)
    statechart_saveADCSample                 0x08008119   Thumb Code    36  main.o(.text.statechart_saveADCSample)
    statechart_sendInfo                      0x08008145   Thumb Code   128  main.o(.text.statechart_sendInfo)
    statechart_startConvADC                  0x080081e1   Thumb Code    48  main.o(.text.statechart_startConvADC)
    __ARM_common_ll_muluu                    0x08008219   Thumb Code    48  btod.o(i.__ARM_common_ll_muluu)
    __ARM_fpclassify                         0x08008249   Thumb Code    40  fpclassify.o(i.__ARM_fpclassify)
    __mathlib_flt_divzero                    0x08008275   Thumb Code    14  funder.o(i.__mathlib_flt_divzero)
    __mathlib_flt_infnan                     0x08008283   Thumb Code    10  funder.o(i.__mathlib_flt_infnan)
    __mathlib_flt_invalid                    0x0800828d   Thumb Code    12  funder.o(i.__mathlib_flt_invalid)
    __aeabi_fcmple                           0x08008299   Thumb Code     0  fcmp.o(i._fleq)
    _fleq                                    0x08008299   Thumb Code    26  fcmp.o(i._fleq)
    _is_digit                                0x080082b3   Thumb Code    14  __printf_wp.o(i._is_digit)
    __mathlib_logf                           0x080082c1   Thumb Code     0  logf.o(i.logf)
    logf                                     0x080082c1   Thumb Code   338  logf.o(i.logf)
    _get_lc_numeric                          0x0800843d   Thumb Code    44  lc_numeric_c.o(locale$$code)
    _get_lc_ctype                            0x08008469   Thumb Code    44  lc_ctype_c.o(locale$$code)
    __aeabi_fadd                             0x08008495   Thumb Code     0  faddsub.o(x$fpl$fadd)
    _fadd                                    0x08008495   Thumb Code   134  faddsub.o(x$fpl$fadd)
    __aeabi_cfcmple                          0x08008521   Thumb Code     0  flef.o(x$fpl$fleqf)
    _fcmple                                  0x08008521   Thumb Code    78  flef.o(x$fpl$fleqf)
    __aeabi_fmul                             0x08008575   Thumb Code     0  fmul.o(x$fpl$fmul)
    _fmul                                    0x08008575   Thumb Code   172  fmul.o(x$fpl$fmul)
    __aeabi_fsub                             0x08008625   Thumb Code     0  faddsub.o(x$fpl$fsub)
    _fsub                                    0x08008625   Thumb Code   204  faddsub.o(x$fpl$fsub)
    _printf_fp_dec                           0x080086f5   Thumb Code    16  printf1.o(x$fpl$printf1)
    _printf_fp_hex                           0x08008705   Thumb Code    16  printf2.o(x$fpl$printf2)
    __I$use$fp                               0x08008714   Number         0  usenofp.o(x$fpl$usenofp)
    AHBPrescTable                            0x08008890   Data          16  system_stm32l0xx.o(.rodata.AHBPrescTable)
    APBPrescTable                            0x080088a0   Data           8  system_stm32l0xx.o(.rodata.APBPrescTable)
    EventRecorderInfo                        0x080088a8   Data          24  eventrecorder.o(.rodata.EventRecorderInfo)
    PLLMulTable                              0x0800961c   Data           9  system_stm32l0xx.o(.rodata.PLLMulTable)
    Region$$Table$$Base                      0x08009680   Number         0  anon$$obj.o(Region$$Table)
    Region$$Table$$Limit                     0x080096a0   Number         0  anon$$obj.o(Region$$Table)
    __ctype                                  0x080096c9   Data           0  lc_ctype_c.o(locale$$data)
    Font_11x18                               0x20000000   Data           8  fonts.o(.data.Font_11x18)
    SystemCoreClock                          0x20000008   Data           4  system_stm32l0xx.o(.data.SystemCoreClock)
    uwTickFreq                               0x2000000c   Data           1  stm32l0xx_hal.o(.data.uwTickFreq)
    uwTickPrio                               0x20000010   Data           4  stm32l0xx_hal.o(.data.uwTickPrio)
    __libspace_start                         0x20000040   Data          96  libspace.o(.bss)
    Capacitance                              0x200000a0   Data           8  main.o(.bss.Capacitance)
    __temporary_stack_top$libspace           0x200000a0   Data           0  libspace.o(.bss)
    Capacitance_Avg                          0x200000a8   Data           4  main.o(.bss.Capacitance_Avg)
    Capacitance_Diff                         0x200000ac   Data           4  main.o(.bss.Capacitance_Diff)
    DataBufferADC                            0x200000b0   Data          20  main.o(.bss.DataBufferADC)
    RawData                                  0x200000c4   Data           4  main.o(.bss.RawData)
    Status                                   0x200004ce   Data           1  main.o(.bss.Status)
    TxBuffer                                 0x200004d0   Data         100  main.o(.bss.TxBuffer)
    hadc                                     0x20000574   Data          92  main.o(.bss.hadc)
    hdma_adc                                 0x200005d0   Data          72  main.o(.bss.hdma_adc)
    hi2c1                                    0x20000618   Data          76  main.o(.bss.hi2c1)
    hi2c3                                    0x20000664   Data          76  main.o(.bss.hi2c3)
    htim6                                    0x200006b0   Data          64  main.o(.bss.htim6)
    huart2                                   0x200006f0   Data         132  main.o(.bss.huart2)
    sc_handle                                0x20000c28   Data          56  main.o(.bss.sc_handle)
    uwTick                                   0x20000c80   Data           4  stm32l0xx_hal.o(.bss.uwTick)



==============================================================================

Memory Map of the image

  Image Entry point : 0x080000c1

  Load Region LR_IROM1 (Base: 0x08000000, Size: 0x00009840, Max: 0x00030000, ABSOLUTE)

    Execution Region ER_IROM1 (Exec base: 0x08000000, Load base: 0x08000000, Size: 0x000097cc, Max: 0x00030000, ABSOLUTE)

    Exec Addr    Load Addr    Size         Type   Attr      Idx    E Section Name        Object

    0x08000000   0x08000000   0x000000c0   Data   RO            3    RESET               startup_stm32l073xx.o
    0x080000c0   0x080000c0   0x00000008   Code   RO         1540  * !!!main             c_p.l(__main.o)
    0x080000c8   0x080000c8   0x00000054   Code   RO         1964    !!!scatter          c_p.l(__scatter.o)
    0x0800011c   0x0800011c   0x0000001a   Code   RO         1968    !!handler_copy      c_p.l(__scatter_copy.o)
    0x08000136   0x08000136   0x00000002   PAD
    0x08000138   0x08000138   0x00000002   Code   RO         1965    !!handler_null      c_p.l(__scatter.o)
    0x0800013a   0x0800013a   0x00000002   PAD
    0x0800013c   0x0800013c   0x0000001c   Code   RO         1970    !!handler_zi        c_p.l(__scatter_zi.o)
    0x08000158   0x08000158   0x00000002   Code   RO         1684    .ARM.Collect$$_printf_percent$$00000000  c_p.l(_printf_percent.o)
    0x0800015a   0x0800015a   0x0000000a   Code   RO         1673    .ARM.Collect$$_printf_percent$$00000001  c_p.l(_printf_n.o)
    0x08000164   0x08000164   0x0000000a   Code   RO         1675    .ARM.Collect$$_printf_percent$$00000002  c_p.l(_printf_p.o)
    0x0800016e   0x0800016e   0x0000000a   Code   RO         1680    .ARM.Collect$$_printf_percent$$00000003  c_p.l(_printf_f.o)
    0x08000178   0x08000178   0x0000000a   Code   RO         1681    .ARM.Collect$$_printf_percent$$00000004  c_p.l(_printf_e.o)
    0x08000182   0x08000182   0x0000000a   Code   RO         1682    .ARM.Collect$$_printf_percent$$00000005  c_p.l(_printf_g.o)
    0x0800018c   0x0800018c   0x0000000a   Code   RO         1683    .ARM.Collect$$_printf_percent$$00000006  c_p.l(_printf_a.o)
    0x08000196   0x08000196   0x0000000a   Code   RO         1688    .ARM.Collect$$_printf_percent$$00000007  c_p.l(_printf_ll.o)
    0x080001a0   0x080001a0   0x0000000a   Code   RO         1677    .ARM.Collect$$_printf_percent$$00000008  c_p.l(_printf_i.o)
    0x080001aa   0x080001aa   0x0000000a   Code   RO         1678    .ARM.Collect$$_printf_percent$$00000009  c_p.l(_printf_d.o)
    0x080001b4   0x080001b4   0x0000000a   Code   RO         1679    .ARM.Collect$$_printf_percent$$0000000A  c_p.l(_printf_u.o)
    0x080001be   0x080001be   0x0000000a   Code   RO         1676    .ARM.Collect$$_printf_percent$$0000000B  c_p.l(_printf_o.o)
    0x080001c8   0x080001c8   0x0000000a   Code   RO         1674    .ARM.Collect$$_printf_percent$$0000000C  c_p.l(_printf_x.o)
    0x080001d2   0x080001d2   0x0000000a   Code   RO         1685    .ARM.Collect$$_printf_percent$$0000000D  c_p.l(_printf_lli.o)
    0x080001dc   0x080001dc   0x0000000a   Code   RO         1686    .ARM.Collect$$_printf_percent$$0000000E  c_p.l(_printf_lld.o)
    0x080001e6   0x080001e6   0x0000000a   Code   RO         1687    .ARM.Collect$$_printf_percent$$0000000F  c_p.l(_printf_llu.o)
    0x080001f0   0x080001f0   0x0000000a   Code   RO         1692    .ARM.Collect$$_printf_percent$$00000010  c_p.l(_printf_llo.o)
    0x080001fa   0x080001fa   0x0000000a   Code   RO         1693    .ARM.Collect$$_printf_percent$$00000011  c_p.l(_printf_llx.o)
    0x08000204   0x08000204   0x0000000a   Code   RO         1689    .ARM.Collect$$_printf_percent$$00000012  c_p.l(_printf_l.o)
    0x0800020e   0x0800020e   0x0000000a   Code   RO         1671    .ARM.Collect$$_printf_percent$$00000013  c_p.l(_printf_c.o)
    0x08000218   0x08000218   0x0000000a   Code   RO         1672    .ARM.Collect$$_printf_percent$$00000014  c_p.l(_printf_s.o)
    0x08000222   0x08000222   0x0000000a   Code   RO         1690    .ARM.Collect$$_printf_percent$$00000015  c_p.l(_printf_lc.o)
    0x0800022c   0x0800022c   0x0000000a   Code   RO         1691    .ARM.Collect$$_printf_percent$$00000016  c_p.l(_printf_ls.o)
    0x08000236   0x08000236   0x00000004   Code   RO         1764    .ARM.Collect$$_printf_percent$$00000017  c_p.l(_printf_percent_end.o)
    0x0800023a   0x0800023a   0x00000002   Code   RO         1809    .ARM.Collect$$libinit$$00000000  c_p.l(libinit.o)
    0x0800023c   0x0800023c   0x00000000   Code   RO         1835    .ARM.Collect$$libinit$$00000002  c_p.l(libinit2.o)
    0x0800023c   0x0800023c   0x00000000   Code   RO         1837    .ARM.Collect$$libinit$$00000004  c_p.l(libinit2.o)
    0x0800023c   0x0800023c   0x00000000   Code   RO         1839    .ARM.Collect$$libinit$$00000006  c_p.l(libinit2.o)
    0x0800023c   0x0800023c   0x00000000   Code   RO         1842    .ARM.Collect$$libinit$$0000000C  c_p.l(libinit2.o)
    0x0800023c   0x0800023c   0x00000000   Code   RO         1844    .ARM.Collect$$libinit$$0000000E  c_p.l(libinit2.o)
    0x0800023c   0x0800023c   0x00000000   Code   RO         1846    .ARM.Collect$$libinit$$00000010  c_p.l(libinit2.o)
    0x0800023c   0x0800023c   0x00000006   Code   RO         1847    .ARM.Collect$$libinit$$00000011  c_p.l(libinit2.o)
    0x08000242   0x08000242   0x00000000   Code   RO         1849    .ARM.Collect$$libinit$$00000013  c_p.l(libinit2.o)
    0x08000242   0x08000242   0x0000000c   Code   RO         1850    .ARM.Collect$$libinit$$00000014  c_p.l(libinit2.o)
    0x0800024e   0x0800024e   0x00000000   Code   RO         1851    .ARM.Collect$$libinit$$00000015  c_p.l(libinit2.o)
    0x0800024e   0x0800024e   0x00000000   Code   RO         1853    .ARM.Collect$$libinit$$00000017  c_p.l(libinit2.o)
    0x0800024e   0x0800024e   0x0000000a   Code   RO         1854    .ARM.Collect$$libinit$$00000018  c_p.l(libinit2.o)
    0x08000258   0x08000258   0x00000000   Code   RO         1855    .ARM.Collect$$libinit$$00000019  c_p.l(libinit2.o)
    0x08000258   0x08000258   0x00000000   Code   RO         1857    .ARM.Collect$$libinit$$0000001B  c_p.l(libinit2.o)
    0x08000258   0x08000258   0x00000000   Code   RO         1859    .ARM.Collect$$libinit$$0000001D  c_p.l(libinit2.o)
    0x08000258   0x08000258   0x00000000   Code   RO         1861    .ARM.Collect$$libinit$$0000001F  c_p.l(libinit2.o)
    0x08000258   0x08000258   0x00000000   Code   RO         1863    .ARM.Collect$$libinit$$00000021  c_p.l(libinit2.o)
    0x08000258   0x08000258   0x00000000   Code   RO         1865    .ARM.Collect$$libinit$$00000023  c_p.l(libinit2.o)
    0x08000258   0x08000258   0x00000000   Code   RO         1867    .ARM.Collect$$libinit$$00000025  c_p.l(libinit2.o)
    0x08000258   0x08000258   0x00000000   Code   RO         1869    .ARM.Collect$$libinit$$00000027  c_p.l(libinit2.o)
    0x08000258   0x08000258   0x00000000   Code   RO         1873    .ARM.Collect$$libinit$$0000002E  c_p.l(libinit2.o)
    0x08000258   0x08000258   0x00000000   Code   RO         1875    .ARM.Collect$$libinit$$00000030  c_p.l(libinit2.o)
    0x08000258   0x08000258   0x00000000   Code   RO         1877    .ARM.Collect$$libinit$$00000032  c_p.l(libinit2.o)
    0x08000258   0x08000258   0x00000000   Code   RO         1879    .ARM.Collect$$libinit$$00000034  c_p.l(libinit2.o)
    0x08000258   0x08000258   0x00000002   Code   RO         1880    .ARM.Collect$$libinit$$00000035  c_p.l(libinit2.o)
    0x0800025a   0x0800025a   0x00000002   Code   RO         1919    .ARM.Collect$$libshutdown$$00000000  c_p.l(libshutdown.o)
    0x0800025c   0x0800025c   0x00000000   Code   RO         1947    .ARM.Collect$$libshutdown$$00000002  c_p.l(libshutdown2.o)
    0x0800025c   0x0800025c   0x00000000   Code   RO         1949    .ARM.Collect$$libshutdown$$00000004  c_p.l(libshutdown2.o)
    0x0800025c   0x0800025c   0x00000000   Code   RO         1952    .ARM.Collect$$libshutdown$$00000007  c_p.l(libshutdown2.o)
    0x0800025c   0x0800025c   0x00000000   Code   RO         1955    .ARM.Collect$$libshutdown$$0000000A  c_p.l(libshutdown2.o)
    0x0800025c   0x0800025c   0x00000000   Code   RO         1957    .ARM.Collect$$libshutdown$$0000000C  c_p.l(libshutdown2.o)
    0x0800025c   0x0800025c   0x00000000   Code   RO         1960    .ARM.Collect$$libshutdown$$0000000F  c_p.l(libshutdown2.o)
    0x0800025c   0x0800025c   0x00000002   Code   RO         1961    .ARM.Collect$$libshutdown$$00000010  c_p.l(libshutdown2.o)
    0x0800025e   0x0800025e   0x00000000   Code   RO         1590    .ARM.Collect$$rtentry$$00000000  c_p.l(__rtentry.o)
    0x0800025e   0x0800025e   0x00000000   Code   RO         1726    .ARM.Collect$$rtentry$$00000002  c_p.l(__rtentry2.o)
    0x0800025e   0x0800025e   0x00000006   Code   RO         1738    .ARM.Collect$$rtentry$$00000004  c_p.l(__rtentry4.o)
    0x08000264   0x08000264   0x00000000   Code   RO         1728    .ARM.Collect$$rtentry$$00000009  c_p.l(__rtentry2.o)
    0x08000264   0x08000264   0x00000004   Code   RO         1729    .ARM.Collect$$rtentry$$0000000A  c_p.l(__rtentry2.o)
    0x08000268   0x08000268   0x00000000   Code   RO         1731    .ARM.Collect$$rtentry$$0000000C  c_p.l(__rtentry2.o)
    0x08000268   0x08000268   0x00000008   Code   RO         1732    .ARM.Collect$$rtentry$$0000000D  c_p.l(__rtentry2.o)
    0x08000270   0x08000270   0x00000002   Code   RO         1819    .ARM.Collect$$rtexit$$00000000  c_p.l(rtexit.o)
    0x08000272   0x08000272   0x00000000   Code   RO         1888    .ARM.Collect$$rtexit$$00000002  c_p.l(rtexit2.o)
    0x08000272   0x08000272   0x00000004   Code   RO         1889    .ARM.Collect$$rtexit$$00000003  c_p.l(rtexit2.o)
    0x08000276   0x08000276   0x00000006   Code   RO         1890    .ARM.Collect$$rtexit$$00000004  c_p.l(rtexit2.o)
    0x0800027c   0x0800027c   0x00000038   Code   RO            4    .text               startup_stm32l073xx.o
    0x080002b4   0x080002b4   0x00000030   Code   RO         1518    .text               c_p.l(llmul.o)
    0x080002e4   0x080002e4   0x00000110   Code   RO         1520    .text               c_p.l(lludiv.o)
    0x080003f4   0x080003f4   0x0000002c   Code   RO         1522    .text               c_p.l(sprintf.o)
    0x08000420   0x08000420   0x00000040   Code   RO         1524    .text               c_p.l(snprintf.o)
    0x08000460   0x08000460   0x00000044   Code   RO         1526    .text               c_p.l(strlen.o)
    0x080004a4   0x080004a4   0x00000040   Code   RO         1532    .text               c_p.l(rt_memclr.o)
    0x080004e4   0x080004e4   0x0000016c   Code   RO         1534    .text               c_p.l(aeabi_sdiv.o)
    0x08000650   0x08000650   0x00000006   Code   RO         1538    .text               c_p.l(heapauxi.o)
    0x08000656   0x08000656   0x00000002   PAD
    0x08000658   0x08000658   0x0000007c   Code   RO         1542    .text               fz_ps.l(d2f.o)
    0x080006d4   0x080006d4   0x00000248   Code   RO         1544    .text               fz_ps.l(dmul.o)
    0x0800091c   0x0800091c   0x00000054   Code   RO         1546    .text               fz_ps.l(f2d.o)
    0x08000970   0x08000970   0x00000160   Code   RO         1578    .text               fz_ps.l(fdiv.o)
    0x08000ad0   0x08000ad0   0x0000005e   Code   RO         1581    .text               fz_ps.l(fflti.o)
    0x08000b2e   0x08000b2e   0x00000016   Code   RO         1599    .text               c_p.l(_rserrno.o)
    0x08000b44   0x08000b44   0x0000004e   Code   RO         1603    .text               c_p.l(_printf_pad.o)
    0x08000b92   0x08000b92   0x00000024   Code   RO         1605    .text               c_p.l(_printf_truncate.o)
    0x08000bb6   0x08000bb6   0x00000052   Code   RO         1607    .text               c_p.l(_printf_str.o)
    0x08000c08   0x08000c08   0x0000006c   Code   RO         1609    .text               c_p.l(_printf_dec.o)
    0x08000c74   0x08000c74   0x00000026   Code   RO         1611    .text               c_p.l(_printf_charcount.o)
    0x08000c9a   0x08000c9a   0x00000002   PAD
    0x08000c9c   0x08000c9c   0x00000030   Code   RO         1613    .text               c_p.l(_printf_char_common.o)
    0x08000ccc   0x08000ccc   0x0000000a   Code   RO         1615    .text               c_p.l(_sputc.o)
    0x08000cd6   0x08000cd6   0x00000010   Code   RO         1617    .text               c_p.l(_snputc.o)
    0x08000ce6   0x08000ce6   0x00000002   PAD
    0x08000ce8   0x08000ce8   0x000000bc   Code   RO         1619    .text               c_p.l(_printf_wctomb.o)
    0x08000da4   0x08000da4   0x00000070   Code   RO         1622    .text               c_p.l(_printf_longlong_dec.o)
    0x08000e14   0x08000e14   0x00000070   Code   RO         1628    .text               c_p.l(_printf_oct_int_ll.o)
    0x08000e84   0x08000e84   0x00000098   Code   RO         1648    .text               c_p.l(_printf_hex_int_ll_ptr.o)
    0x08000f1c   0x08000f1c   0x00000188   Code   RO         1668    .text               c_p.l(__printf_flags_ss_wp.o)
    0x080010a4   0x080010a4   0x00000044   Code   RO         1700    .text               fz_ps.l(fscalbn.o)
    0x080010e8   0x080010e8   0x00000008   Code   RO         1745    .text               c_p.l(rt_errno_addr_intlibspace.o)
    0x080010f0   0x080010f0   0x0000007a   Code   RO         1747    .text               c_p.l(lludiv10.o)
    0x0800116a   0x0800116a   0x000000b0   Code   RO         1749    .text               c_p.l(_printf_intcommon.o)
    0x0800121a   0x0800121a   0x00000002   PAD
    0x0800121c   0x0800121c   0x00000414   Code   RO         1751    .text               c_p.l(_printf_fp_dec.o)
    0x08001630   0x08001630   0x000002d8   Code   RO         1755    .text               c_p.l(_printf_fp_hex.o)
    0x08001908   0x08001908   0x0000002e   Code   RO         1760    .text               c_p.l(_printf_char.o)
    0x08001936   0x08001936   0x0000002e   Code   RO         1762    .text               c_p.l(_printf_wchar.o)
    0x08001964   0x08001964   0x00000042   Code   RO         1765    .text               c_p.l(_c16rtomb.o)
    0x080019a6   0x080019a6   0x00000028   Code   RO         1767    .text               c_p.l(rtudiv10.o)
    0x080019ce   0x080019ce   0x00000002   PAD
    0x080019d0   0x080019d0   0x00000064   Code   RO         1769    .text               fz_ps.l(fcmpin.o)
    0x08001a34   0x08001a34   0x00000008   Code   RO         1771    .text               c_p.l(libspace.o)
    0x08001a3c   0x08001a3c   0x0000003e   Code   RO         1774    .text               c_p.l(sys_stackheap_outer.o)
    0x08001a7a   0x08001a7a   0x00000002   PAD
    0x08001a7c   0x08001a7c   0x00000010   Code   RO         1777    .text               c_p.l(rt_ctype_table.o)
    0x08001a8c   0x08001a8c   0x00000008   Code   RO         1782    .text               c_p.l(rt_locale_intlibspace.o)
    0x08001a94   0x08001a94   0x00000088   Code   RO         1784    .text               c_p.l(_printf_fp_infnan.o)
    0x08001b1c   0x08001b1c   0x000000d8   Code   RO         1786    .text               c_p.l(bigflt0.o)
    0x08001bf4   0x08001bf4   0x00000580   Code   RO         1789    .text               c_p.l(btod.o)
    0x08002174   0x08002174   0x00000010   Code   RO         1798    .text               c_p.l(exit.o)
    0x08002184   0x08002184   0x0000002e   Code   RO         1810    .text               fz_ps.l(cmpret.o)
    0x080021b2   0x080021b2   0x00000002   PAD
    0x080021b4   0x080021b4   0x00000010   Code   RO         1812    .text               fz_ps.l(fnan2.o)
    0x080021c4   0x080021c4   0x00000088   Code   RO         1832    .text               c_p.l(strcmp.o)
    0x0800224c   0x0800224c   0x0000005e   Code   RO         1881    .text               fz_ps.l(retnan.o)
    0x080022aa   0x080022aa   0x00000002   PAD
    0x080022ac   0x080022ac   0x0000000c   Code   RO         1883    .text               c_p.l(sys_exit.o)
    0x080022b8   0x080022b8   0x00000002   Code   RO         1908    .text               c_p.l(use_no_semi.o)
    0x080022ba   0x080022ba   0x00000000   Code   RO         1910    .text               c_p.l(indicate_semi.o)
    0x080022ba   0x080022ba   0x000000b0   Code   RO          203    .text.ADC_DMAConvCplt  stm32l0xx_hal_adc.o
    0x0800236a   0x0800236a   0x0000002a   Code   RO          207    .text.ADC_DMAError  stm32l0xx_hal_adc.o
    0x08002394   0x08002394   0x00000016   Code   RO          205    .text.ADC_DMAHalfConvCplt  stm32l0xx_hal_adc.o
    0x080023aa   0x080023aa   0x00000002   PAD
    0x080023ac   0x080023ac   0x00000038   Code   RO          225    .text.ADC_DelayMicroSecond  stm32l0xx_hal_adc.o
    0x080023e4   0x080023e4   0x000000d0   Code   RO          189    .text.ADC_Enable    stm32l0xx_hal_adc.o
    0x080024b4   0x080024b4   0x00000010   Code   RO          137    .text.DMA1_Channel1_IRQHandler  stm32l0xx_it.o
    0x080024c4   0x080024c4   0x00000054   Code   RO          742    .text.DMA_SetConfig  stm32l0xx_hal_dma.o
    0x08002518   0x08002518   0x0000000a   Code   RO          135    .text.EXTI0_1_IRQHandler  stm32l0xx_it.o
    0x08002522   0x08002522   0x0000000e   Code   RO           93    .text.Error_Handler  main.o
    0x08002530   0x08002530   0x00000034   Code   RO         1475    .text.EventCheckFilter  eventrecorder.o
    0x08002564   0x08002564   0x00000050   Code   RO         1461    .text.EventGetTS    eventrecorder.o
    0x080025b4   0x080025b4   0x0000005c   Code   RO         1479    .text.EventRecord2  eventrecorder.o
    0x08002610   0x08002610   0x000000f0   Code   RO         1463    .text.EventRecordItem  eventrecorder.o
    0x08002700   0x08002700   0x00000090   Code   RO         1459    .text.EventRecorderEnable  eventrecorder.o
    0x08002790   0x08002790   0x00000174   Code   RO         1455    .text.EventRecorderInitialize  eventrecorder.o
    0x08002904   0x08002904   0x00000044   Code   RO         1465    .text.EventRecorderStart  eventrecorder.o
    0x08002948   0x08002948   0x0000000c   Code   RO         1453    .text.EventRecorderTimerGetCount  eventrecorder.o
    0x08002954   0x08002954   0x00000004   Code   RO         1451    .text.EventRecorderTimerGetFreq  eventrecorder.o
    0x08002958   0x08002958   0x00000010   Code   RO         1449    .text.EventRecorderTimerSetup  eventrecorder.o
    0x08002968   0x08002968   0x00000010   Code   RO         1493    .text.GetRecordIndex  eventrecorder.o
    0x08002978   0x08002978   0x0000015c   Code   RO          223    .text.HAL_ADC_ConfigChannel  stm32l0xx_hal_adc.o
    0x08002ad4   0x08002ad4   0x00000028   Code   RO           73    .text.HAL_ADC_ConvCpltCallback  main.o
    0x08002afc   0x08002afc   0x00000008   Code   RO          221    .text.HAL_ADC_ConvHalfCpltCallback  stm32l0xx_hal_adc.o
    0x08002b04   0x08002b04   0x00000008   Code   RO          219    .text.HAL_ADC_ErrorCallback  stm32l0xx_hal_adc.o
    0x08002b0c   0x08002b0c   0x000002b0   Code   RO          175    .text.HAL_ADC_Init  stm32l0xx_hal_adc.o
    0x08002dbc   0x08002dbc   0x000000e4   Code   RO          152    .text.HAL_ADC_MspInit  stm32l0xx_hal_msp.o
    0x08002ea0   0x08002ea0   0x00000108   Code   RO          201    .text.HAL_ADC_Start_DMA  stm32l0xx_hal_adc.o
    0x08002fa8   0x08002fa8   0x0000007a   Code   RO          746    .text.HAL_DMA_Abort  stm32l0xx_hal_dma.o
    0x08003022   0x08003022   0x0000007c   Code   RO          748    .text.HAL_DMA_Abort_IT  stm32l0xx_hal_dma.o
    0x0800309e   0x0800309e   0x0000015c   Code   RO          752    .text.HAL_DMA_IRQHandler  stm32l0xx_hal_dma.o
    0x080031fa   0x080031fa   0x00000002   PAD
    0x080031fc   0x080031fc   0x000000dc   Code   RO          736    .text.HAL_DMA_Init  stm32l0xx_hal_dma.o
    0x080032d8   0x080032d8   0x000000ca   Code   RO          744    .text.HAL_DMA_Start_IT  stm32l0xx_hal_dma.o
    0x080033a2   0x080033a2   0x00000002   PAD
    0x080033a4   0x080033a4   0x00000044   Code   RO          281    .text.HAL_Delay     stm32l0xx_hal.o
    0x080033e8   0x080033e8   0x0000000a   Code   RO          727    .text.HAL_GPIO_EXTI_Callback  stm32l0xx_hal_gpio.o
    0x080033f2   0x080033f2   0x00000002   PAD
    0x080033f4   0x080033f4   0x0000002c   Code   RO          725    .text.HAL_GPIO_EXTI_IRQHandler  stm32l0xx_hal_gpio.o
    0x08003420   0x08003420   0x00000314   Code   RO          713    .text.HAL_GPIO_Init  stm32l0xx_hal_gpio.o
    0x08003734   0x08003734   0x0000002c   Code   RO          719    .text.HAL_GPIO_WritePin  stm32l0xx_hal_gpio.o
    0x08003760   0x08003760   0x0000000c   Code   RO          273    .text.HAL_GetTick   stm32l0xx_hal.o
    0x0800376c   0x0800376c   0x00000096   Code   RO          498    .text.HAL_I2CEx_ConfigAnalogFilter  stm32l0xx_hal_i2c_ex.o
    0x08003802   0x08003802   0x000000a0   Code   RO          500    .text.HAL_I2CEx_ConfigDigitalFilter  stm32l0xx_hal_i2c_ex.o
    0x080038a2   0x080038a2   0x00000002   PAD
    0x080038a4   0x080038a4   0x0000010c   Code   RO          333    .text.HAL_I2C_Init  stm32l0xx_hal_i2c.o
    0x080039b0   0x080039b0   0x0000025c   Code   RO          395    .text.HAL_I2C_Mem_Write  stm32l0xx_hal_i2c.o
    0x08003c0c   0x08003c0c   0x000000c4   Code   RO          156    .text.HAL_I2C_MspInit  stm32l0xx_hal_msp.o
    0x08003cd0   0x08003cd0   0x00000014   Code   RO          271    .text.HAL_IncTick   stm32l0xx_hal.o
    0x08003ce4   0x08003ce4   0x00000038   Code   RO          261    .text.HAL_Init      stm32l0xx_hal.o
    0x08003d1c   0x08003d1c   0x00000070   Code   RO          263    .text.HAL_InitTick  stm32l0xx_hal.o
    0x08003d8c   0x08003d8c   0x00000034   Code   RO          150    .text.HAL_MspInit   stm32l0xx_hal_msp.o
    0x08003dc0   0x08003dc0   0x00000016   Code   RO          835    .text.HAL_NVIC_EnableIRQ  stm32l0xx_hal_cortex.o
    0x08003dd6   0x08003dd6   0x0000001c   Code   RO          831    .text.HAL_NVIC_SetPriority  stm32l0xx_hal_cortex.o
    0x08003df2   0x08003df2   0x00000002   PAD
    0x08003df4   0x08003df4   0x000000a4   Code   RO          785    .text.HAL_PWR_EnterSLEEPMode  stm32l0xx_hal_pwr.o
    0x08003e98   0x08003e98   0x00000002   Code   RO          801    .text.HAL_PWR_PVDCallback  stm32l0xx_hal_pwr.o
    0x08003e9a   0x08003e9a   0x00000002   PAD
    0x08003e9c   0x08003e9c   0x00000024   Code   RO          799    .text.HAL_PWR_PVD_IRQHandler  stm32l0xx_hal_pwr.o
    0x08003ec0   0x08003ec0   0x00000310   Code   RO          550    .text.HAL_RCCEx_PeriphCLKConfig  stm32l0xx_hal_rcc_ex.o
    0x080041d0   0x080041d0   0x000002f8   Code   RO          523    .text.HAL_RCC_ClockConfig  stm32l0xx_hal_rcc.o
    0x080044c8   0x080044c8   0x0000000c   Code   RO          529    .text.HAL_RCC_GetHCLKFreq  stm32l0xx_hal_rcc.o
    0x080044d4   0x080044d4   0x0000001c   Code   RO          531    .text.HAL_RCC_GetPCLK1Freq  stm32l0xx_hal_rcc.o
    0x080044f0   0x080044f0   0x00000024   Code   RO          533    .text.HAL_RCC_GetPCLK2Freq  stm32l0xx_hal_rcc.o
    0x08004514   0x08004514   0x0000013c   Code   RO          521    .text.HAL_RCC_GetSysClockFreq  stm32l0xx_hal_rcc.o
    0x08004650   0x08004650   0x00000870   Code   RO          519    .text.HAL_RCC_OscConfig  stm32l0xx_hal_rcc.o
    0x08004ec0   0x08004ec0   0x0000000c   Code   RO          285    .text.HAL_ResumeTick  stm32l0xx_hal.o
    0x08004ecc   0x08004ecc   0x00000010   Code   RO          847    .text.HAL_SYSTICK_Config  stm32l0xx_hal_cortex.o
    0x08004edc   0x08004edc   0x00000010   Code   RO          283    .text.HAL_SuspendTick  stm32l0xx_hal.o
    0x08004eec   0x08004eec   0x000000cc   Code   RO         1156    .text.HAL_TIMEx_MasterConfigSynchronization  stm32l0xx_hal_tim_ex.o
    0x08004fb8   0x08004fb8   0x00000080   Code   RO          911    .text.HAL_TIM_Base_Init  stm32l0xx_hal_tim.o
    0x08005038   0x08005038   0x0000003c   Code   RO          160    .text.HAL_TIM_Base_MspInit  stm32l0xx_hal_msp.o
    0x08005074   0x08005074   0x000000ac   Code   RO          925    .text.HAL_TIM_Base_Start_IT  stm32l0xx_hal_tim.o
    0x08005120   0x08005120   0x00000008   Code   RO         1047    .text.HAL_TIM_IC_CaptureCallback  stm32l0xx_hal_tim.o
    0x08005128   0x08005128   0x000001fe   Code   RO         1045    .text.HAL_TIM_IRQHandler  stm32l0xx_hal_tim.o
    0x08005326   0x08005326   0x00000008   Code   RO         1049    .text.HAL_TIM_OC_DelayElapsedCallback  stm32l0xx_hal_tim.o
    0x0800532e   0x0800532e   0x00000008   Code   RO         1051    .text.HAL_TIM_PWM_PulseFinishedCallback  stm32l0xx_hal_tim.o
    0x08005336   0x08005336   0x00000002   PAD
    0x08005338   0x08005338   0x00000038   Code   RO           71    .text.HAL_TIM_PeriodElapsedCallback  main.o
    0x08005370   0x08005370   0x00000008   Code   RO         1055    .text.HAL_TIM_TriggerCallback  stm32l0xx_hal_tim.o
    0x08005378   0x08005378   0x0000000c   Code   RO         1257    .text.HAL_UARTEx_RxEventCallback  stm32l0xx_hal_uart.o
    0x08005384   0x08005384   0x00000008   Code   RO         1308    .text.HAL_UARTEx_WakeupCallback  stm32l0xx_hal_uart_ex.o
    0x0800538c   0x0800538c   0x00000008   Code   RO         1255    .text.HAL_UART_ErrorCallback  stm32l0xx_hal_uart.o
    0x08005394   0x08005394   0x0000000e   Code   RO         1289    .text.HAL_UART_GetError  stm32l0xx_hal_uart.o
    0x080053a2   0x080053a2   0x00000002   PAD
    0x080053a4   0x080053a4   0x00000508   Code   RO         1251    .text.HAL_UART_IRQHandler  stm32l0xx_hal_uart.o
    0x080058ac   0x080058ac   0x000000b0   Code   RO         1167    .text.HAL_UART_Init  stm32l0xx_hal_uart.o
    0x0800595c   0x0800595c   0x00000084   Code   RO          164    .text.HAL_UART_MspInit  stm32l0xx_hal_msp.o
    0x080059e0   0x080059e0   0x00000128   Code   RO         1193    .text.HAL_UART_Transmit_IT  stm32l0xx_hal_uart.o
    0x08005b08   0x08005b08   0x00000020   Code   RO           49    .text.HAL_UART_TxCpltCallback  main.o
    0x08005b28   0x08005b28   0x00000014   Code   RO           51    .text.HandleError   main.o
    0x08005b3c   0x08005b3c   0x00000004   Code   RO          125    .text.HardFault_Handler  stm32l0xx_it.o
    0x08005b40   0x08005b40   0x00000040   Code   RO          473    .text.I2C_Flush_TXDR  stm32l0xx_hal_i2c.o
    0x08005b80   0x08005b80   0x0000010c   Code   RO          489    .text.I2C_IsAcknowledgeFailed  stm32l0xx_hal_i2c.o
    0x08005c8c   0x08005c8c   0x000000bc   Code   RO          397    .text.I2C_RequestMemoryWrite  stm32l0xx_hal_i2c.o
    0x08005d48   0x08005d48   0x00000050   Code   RO          345    .text.I2C_TransferConfig  stm32l0xx_hal_i2c.o
    0x08005d98   0x08005d98   0x0000008e   Code   RO          343    .text.I2C_WaitOnFlagUntilTimeout  stm32l0xx_hal_i2c.o
    0x08005e26   0x08005e26   0x0000008c   Code   RO          349    .text.I2C_WaitOnSTOPFlagUntilTimeout  stm32l0xx_hal_i2c.o
    0x08005eb2   0x08005eb2   0x00000098   Code   RO          347    .text.I2C_WaitOnTXISFlagUntilTimeout  stm32l0xx_hal_i2c.o
    0x08005f4a   0x08005f4a   0x00000002   PAD
    0x08005f4c   0x08005f4c   0x0000000c   Code   RO         1501    .text.IncrementRecordsDumped  eventrecorder.o
    0x08005f58   0x08005f58   0x00000010   Code   RO         1499    .text.IncrementRecordsWritten  eventrecorder.o
    0x08005f68   0x08005f68   0x00000058   Code   RO         1495    .text.LockRecord    eventrecorder.o
    0x08005fc0   0x08005fc0   0x00000010   Code   RO         1483    .text.LockTS_Overflow  eventrecorder.o
    0x08005fd0   0x08005fd0   0x000000d0   Code   RO           85    .text.MX_ADC_Init   main.o
    0x080060a0   0x080060a0   0x00000034   Code   RO           81    .text.MX_DMA_Init   main.o
    0x080060d4   0x080060d4   0x0000013c   Code   RO           79    .text.MX_GPIO_Init  main.o
    0x08006210   0x08006210   0x00000068   Code   RO           91    .text.MX_I2C1_Init  main.o
    0x08006278   0x08006278   0x0000006c   Code   RO           87    .text.MX_I2C3_Init  main.o
    0x080062e4   0x080062e4   0x00000058   Code   RO           83    .text.MX_TIM6_Init  main.o
    0x0800633c   0x0800633c   0x00000044   Code   RO           89    .text.MX_USART2_UART_Init  main.o
    0x08006380   0x08006380   0x00000002   Code   RO           53    .text.MyErrorHandlerADC  main.o
    0x08006382   0x08006382   0x00000004   Code   RO          123    .text.NMI_Handler   stm32l0xx_it.o
    0x08006386   0x08006386   0x00000008   Code   RO          133    .text.PVD_IRQHandler  stm32l0xx_it.o
    0x0800638e   0x0800638e   0x00000002   Code   RO          129    .text.PendSV_Handler  stm32l0xx_it.o
    0x08006390   0x08006390   0x00000002   Code   RO          127    .text.SVC_Handler   stm32l0xx_it.o
    0x08006392   0x08006392   0x00000002   PAD
    0x08006394   0x08006394   0x00000050   Code   RO          849    .text.SysTick_Config  stm32l0xx_hal_cortex.o
    0x080063e4   0x080063e4   0x00000008   Code   RO          131    .text.SysTick_Handler  stm32l0xx_it.o
    0x080063ec   0x080063ec   0x000000ac   Code   RO           77    .text.SystemClock_Config  main.o
    0x08006498   0x08006498   0x00000002   Code   RO         1337    .text.SystemInit    system_stm32l0xx.o
    0x0800649a   0x0800649a   0x00000002   PAD
    0x0800649c   0x0800649c   0x00000010   Code   RO          139    .text.TIM6_DAC_IRQHandler  stm32l0xx_it.o
    0x080064ac   0x080064ac   0x000000c4   Code   RO          915    .text.TIM_Base_SetConfig  stm32l0xx_hal_tim.o
    0x08006570   0x08006570   0x0000015a   Code   RO         1173    .text.UART_AdvFeatureConfig  stm32l0xx_hal_uart.o
    0x080066ca   0x080066ca   0x00000002   PAD
    0x080066cc   0x080066cc   0x000000a4   Code   RO         1175    .text.UART_CheckIdleState  stm32l0xx_hal_uart.o
    0x08006770   0x08006770   0x00000024   Code   RO         1253    .text.UART_DMAAbortOnError  stm32l0xx_hal_uart.o
    0x08006794   0x08006794   0x000000ae   Code   RO         1223    .text.UART_EndRxTransfer  stm32l0xx_hal_uart.o
    0x08006842   0x08006842   0x0000004a   Code   RO         1259    .text.UART_EndTransmit_IT  stm32l0xx_hal_uart.o
    0x0800688c   0x0800688c   0x00000508   Code   RO         1171    .text.UART_SetConfig  stm32l0xx_hal_uart.o
    0x08006d94   0x08006d94   0x000000ac   Code   RO         1195    .text.UART_TxISR_16BIT  stm32l0xx_hal_uart.o
    0x08006e40   0x08006e40   0x0000009c   Code   RO         1197    .text.UART_TxISR_8BIT  stm32l0xx_hal_uart.o
    0x08006edc   0x08006edc   0x0000018a   Code   RO         1189    .text.UART_WaitOnFlagUntilTimeout  stm32l0xx_hal_uart.o
    0x08007066   0x08007066   0x00000002   PAD
    0x08007068   0x08007068   0x00000010   Code   RO          141    .text.USART2_IRQHandler  stm32l0xx_it.o
    0x08007078   0x08007078   0x0000004e   Code   RO         1497    .text.UnlockRecord  eventrecorder.o
    0x080070c6   0x080070c6   0x00000002   PAD
    0x080070c8   0x080070c8   0x00000010   Code   RO         1485    .text.UnlockTS_Overflow  eventrecorder.o
    0x080070d8   0x080070d8   0x00000018   Code   RO         1487    .text.UpdateTS      eventrecorder.o
    0x080070f0   0x080070f0   0x0000002c   Code   RO          837    .text.__NVIC_EnableIRQ  stm32l0xx_hal_cortex.o
    0x0800711c   0x0800711c   0x00000084   Code   RO          833    .text.__NVIC_SetPriority  stm32l0xx_hal_cortex.o
    0x080071a0   0x080071a0   0x00000036   Code   RO         1503    .text.atomic_inc32  eventrecorder.o
    0x080071d6   0x080071d6   0x00000036   Code   RO         1491    .text.atomic_wr32   eventrecorder.o
    0x0800720c   0x0800720c   0x0000003c   Code   RO         1489    .text.atomic_wr8    eventrecorder.o
    0x08007248   0x08007248   0x00000012   Code   RO         1354    .text.clear_in_events  statechart.o
    0x0800725a   0x0800725a   0x00000002   PAD
    0x0800725c   0x0800725c   0x00000080   Code   RO         1457    .text.crc16_ccitt   eventrecorder.o
    0x080072dc   0x080072dc   0x0000001c   Code   RO         1414    .text.enact_main_region_DisplayData  statechart.o
    0x080072f8   0x080072f8   0x00000018   Code   RO         1402    .text.enact_main_region_SampleReadingADC  statechart.o
    0x08007310   0x08007310   0x00000012   Code   RO         1396    .text.enact_main_region_SampleRequestedADC  statechart.o
    0x08007322   0x08007322   0x0000000e   Code   RO         1416    .text.enact_main_region_WaitSamplePeriod  statechart.o
    0x08007330   0x08007330   0x00000016   Code   RO         1410    .text.enseq_main_region_DisplayData_default  statechart.o
    0x08007346   0x08007346   0x00000016   Code   RO         1400    .text.enseq_main_region_SampleReadingADC_default  statechart.o
    0x0800735c   0x0800735c   0x00000016   Code   RO         1408    .text.enseq_main_region_SampleRequestedADC_default  statechart.o
    0x08007372   0x08007372   0x00000016   Code   RO         1412    .text.enseq_main_region_WaitSamplePeriod_default  statechart.o
    0x08007388   0x08007388   0x00000010   Code   RO         1364    .text.enseq_main_region_default  statechart.o
    0x08007398   0x08007398   0x00000012   Code   RO         1418    .text.exact_main_region_DisplayData  statechart.o
    0x080073aa   0x080073aa   0x0000001e   Code   RO         1404    .text.exact_main_region_SampleReadingADC  statechart.o
    0x080073c8   0x080073c8   0x0000000e   Code   RO         1398    .text.exseq_main_region_SampleRequestedADC  statechart.o
    0x080073d6   0x080073d6   0x00000002   PAD
    0x080073d8   0x080073d8   0x00000100   Code   RO           75    .text.main          main.o
    0x080074d8   0x080074d8   0x0000003e   Code   RO         1394    .text.main_region_DisplayData_react  statechart.o
    0x08007516   0x08007516   0x0000005e   Code   RO         1392    .text.main_region_SampleReadingADC_react  statechart.o
    0x08007574   0x08007574   0x00000058   Code   RO         1390    .text.main_region_SampleRequestedADC_react  statechart.o
    0x080075cc   0x080075cc   0x00000038   Code   RO         1388    .text.main_region_WaitSamplePeriod_react  statechart.o
    0x08007604   0x08007604   0x00000062   Code   RO         1366    .text.micro_step    statechart.o
    0x08007666   0x08007666   0x00000024   Code   RO         1406    .text.react_main_region__choice_1  statechart.o
    0x0800768a   0x0800768a   0x00000010   Code   RO         1432    .text.react_main_region__entry_Default  statechart.o
    0x0800769a   0x0800769a   0x00000082   Code   RO         1374    .text.run_cycle     statechart.o
    0x0800771c   0x0800771c   0x0000008c   Code   RO           30    .text.ssd1306_DrawPixel  ssd1306.o
    0x080077a8   0x080077a8   0x00000040   Code   RO           26    .text.ssd1306_Fill  ssd1306.o
    0x080077e8   0x080077e8   0x00000210   Code   RO           22    .text.ssd1306_Init  ssd1306.o
    0x080079f8   0x080079f8   0x00000020   Code   RO           38    .text.ssd1306_SetCursor  ssd1306.o
    0x08007a18   0x08007a18   0x00000068   Code   RO           28    .text.ssd1306_UpdateScreen  ssd1306.o
    0x08007a80   0x08007a80   0x000000f4   Code   RO           32    .text.ssd1306_WriteChar  ssd1306.o
    0x08007b74   0x08007b74   0x00000028   Code   RO           24    .text.ssd1306_WriteCommand  ssd1306.o
    0x08007b9c   0x08007b9c   0x00000058   Code   RO           34    .text.ssd1306_WriteString  ssd1306.o
    0x08007bf4   0x08007bf4   0x00000024   Code   RO         1384    .text.statechart_add_event_to_queue  statechart.o
    0x08007c18   0x08007c18   0x00000042   Code   RO         1424    .text.statechart_dispatch_event  statechart.o
    0x08007c5a   0x08007c5a   0x00000020   Code   RO         1420    .text.statechart_dispatch_next_event  statechart.o
    0x08007c7a   0x08007c7a   0x00000002   PAD
    0x08007c7c   0x08007c7c   0x000000b0   Code   RO           63    .text.statechart_displayInfo  main.o
    0x08007d2c   0x08007d2c   0x00000072   Code   RO         1362    .text.statechart_enter  statechart.o
    0x08007d9e   0x08007d9e   0x00000012   Code   RO         1426    .text.statechart_event_init  statechart.o
    0x08007db0   0x08007db0   0x00000026   Code   RO         1360    .text.statechart_eventqueue_init  statechart.o
    0x08007dd6   0x08007dd6   0x00000058   Code   RO         1430    .text.statechart_eventqueue_pop  statechart.o
    0x08007e2e   0x08007e2e   0x00000068   Code   RO         1440    .text.statechart_eventqueue_push  statechart.o
    0x08007e96   0x08007e96   0x0000000c   Code   RO         1428    .text.statechart_eventqueue_size  statechart.o
    0x08007ea2   0x08007ea2   0x00000036   Code   RO         1422    .text.statechart_get_next_event  statechart.o
    0x08007ed8   0x08007ed8   0x00000056   Code   RO         1352    .text.statechart_init  statechart.o
    0x08007f2e   0x08007f2e   0x00000010   Code   RO         1356    .text.statechart_internal_set_channel_no  statechart.o
    0x08007f3e   0x08007f3e   0x00000010   Code   RO         1358    .text.statechart_internal_set_sample_no  statechart.o
    0x08007f4e   0x08007f4e   0x00000002   PAD
    0x08007f50   0x08007f50   0x0000017c   Code   RO           61    .text.statechart_processData  main.o
    0x080080cc   0x080080cc   0x0000001a   Code   RO         1386    .text.statechart_raise_ev_ADCSampleReady  statechart.o
    0x080080e6   0x080080e6   0x0000001a   Code   RO         1382    .text.statechart_raise_ev_GetSample  statechart.o
    0x08008100   0x08008100   0x00000018   Code   RO           57    .text.statechart_readADCSample  main.o
    0x08008118   0x08008118   0x0000002c   Code   RO           59    .text.statechart_saveADCSample  main.o
    0x08008144   0x08008144   0x0000009c   Code   RO           65    .text.statechart_sendInfo  main.o
    0x080081e0   0x080081e0   0x00000038   Code   RO           55    .text.statechart_startConvADC  main.o
    0x08008218   0x08008218   0x00000030   Code   RO         1791    i.__ARM_common_ll_muluu  c_p.l(btod.o)
    0x08008248   0x08008248   0x0000002c   Code   RO         1816    i.__ARM_fpclassify  m_ps.l(fpclassify.o)
    0x08008274   0x08008274   0x0000000e   Code   RO         1711    i.__mathlib_flt_divzero  m_ps.l(funder.o)
    0x08008282   0x08008282   0x0000000a   Code   RO         1712    i.__mathlib_flt_infnan  m_ps.l(funder.o)
    0x0800828c   0x0800828c   0x0000000c   Code   RO         1714    i.__mathlib_flt_invalid  m_ps.l(funder.o)
    0x08008298   0x08008298   0x0000001a   Code   RO         1563    i._fleq             fz_ps.l(fcmp.o)
    0x080082b2   0x080082b2   0x0000000e   Code   RO         1661    i._is_digit         c_p.l(__printf_wp.o)
    0x080082c0   0x080082c0   0x0000017c   Code   RO         1586    i.logf              m_ps.l(logf.o)
    0x0800843c   0x0800843c   0x0000002c   Code   RO         1796    locale$$code        c_p.l(lc_numeric_c.o)
    0x08008468   0x08008468   0x0000002c   Code   RO         1826    locale$$code        c_p.l(lc_ctype_c.o)
    0x08008494   0x08008494   0x0000008c   Code   RO         1548    x$fpl$fadd          fz_ps.l(faddsub.o)
    0x08008520   0x08008520   0x00000054   Code   RO         1698    x$fpl$fleqf         fz_ps.l(flef.o)
    0x08008574   0x08008574   0x000000b0   Code   RO         1583    x$fpl$fmul          fz_ps.l(fmul.o)
    0x08008624   0x08008624   0x000000d0   Code   RO         1550    x$fpl$fsub          fz_ps.l(faddsub.o)
    0x080086f4   0x080086f4   0x00000010   Code   RO         1702    x$fpl$printf1       fz_ps.l(printf1.o)
    0x08008704   0x08008704   0x00000010   Code   RO         1704    x$fpl$printf2       fz_ps.l(printf2.o)
    0x08008714   0x08008714   0x00000000   Code   RO         1710    x$fpl$usenofp       fz_ps.l(usenofp.o)
    0x08008714   0x08008714   0x00000040   Data   RO         1579    .constdata          fz_ps.l(fdiv.o)
    0x08008754   0x08008754   0x00000040   Data   RO         1587    .constdata          m_ps.l(logf.o)
    0x08008794   0x08008794   0x00000008   Data   RO         1620    .constdata          c_p.l(_printf_wctomb.o)
    0x0800879c   0x0800879c   0x00000028   Data   RO         1649    .constdata          c_p.l(_printf_hex_int_ll_ptr.o)
    0x080087c4   0x080087c4   0x00000011   Data   RO         1669    .constdata          c_p.l(__printf_flags_ss_wp.o)
    0x080087d5   0x080087d5   0x00000026   Data   RO         1756    .constdata          c_p.l(_printf_fp_hex.o)
    0x080087fb   0x080087fb   0x00000001   PAD
    0x080087fc   0x080087fc   0x00000094   Data   RO         1787    .constdata          c_p.l(bigflt0.o)
    0x08008890   0x08008890   0x00000010   Data   RO         1342    .rodata.AHBPrescTable  system_stm32l0xx.o
    0x080088a0   0x080088a0   0x00000008   Data   RO         1343    .rodata.APBPrescTable  system_stm32l0xx.o
    0x080088a8   0x080088a8   0x00000018   Data   RO         1508    .rodata.EventRecorderInfo  eventrecorder.o
    0x080088c0   0x080088c0   0x00000d5c   Data   RO           15    .rodata.Font11x18   fonts.o
    0x0800961c   0x0800961c   0x00000009   Data   RO         1344    .rodata.PLLMulTable  system_stm32l0xx.o
    0x08009625   0x08009625   0x0000005a   Data   RO          105    .rodata.str1.1      main.o
    0x0800967f   0x0800967f   0x00000001   PAD
    0x08009680   0x08009680   0x00000020   Data   RO         1963    Region$$Table       anon$$obj.o
    0x080096a0   0x080096a0   0x0000001c   Data   RO         1795    locale$$data        c_p.l(lc_numeric_c.o)
    0x080096bc   0x080096bc   0x00000110   Data   RO         1825    locale$$data        c_p.l(lc_ctype_c.o)


    Execution Region RW_IRAM1 (Exec base: 0x20000000, Load base: 0x08009800, Size: 0x00001288, Max: 0x00005000, ABSOLUTE)

    Exec Addr    Load Addr    Size         Type   Attr      Idx    E Section Name        Object

    0x20000000   0x08009800   0x00000008   Data   RW           13    .data.Font_11x18    fonts.o
    0x20000008   0x08009808   0x00000004   Data   RW         1341    .data.SystemCoreClock  system_stm32l0xx.o
    0x2000000c   0x0800980c   0x00000001   Data   RW          324    .data.uwTickFreq    stm32l0xx_hal.o
    0x2000000d   0x0800980d   0x00000003   PAD
    0x20000010   0x08009810   0x00000004   Data   RW          323    .data.uwTickPrio    stm32l0xx_hal.o
    0x20000014   0x08009814   0x0000002c   PAD
    0x20000040        -       0x00000060   Zero   RW         1772    .bss                c_p.l(libspace.o)
    0x200000a0        -       0x00000008   Zero   RW          101    .bss.Capacitance    main.o
    0x200000a8        -       0x00000004   Zero   RW          103    .bss.Capacitance_Avg  main.o
    0x200000ac        -       0x00000004   Zero   RW          102    .bss.Capacitance_Diff  main.o
    0x200000b0        -       0x00000014   Zero   RW          100    .bss.DataBufferADC  main.o
    0x200000c4        -       0x00000004   Zero   RW           99    .bss.RawData        main.o
    0x200000c8        -       0x00000006   Zero   RW           40    .bss.SSD1306        ssd1306.o
    0x200000ce        -       0x00000400   Zero   RW           41    .bss.SSD1306_Buffer  ssd1306.o
    0x200004ce        -       0x00000001   Zero   RW           95    .bss.Status         main.o
    0x200004cf        -       0x00000001   Zero   RW         1509    .bss.TS_OverflowLock  eventrecorder.o
    0x200004d0        -       0x00000064   Zero   RW          107    .bss.TxBuffer       main.o
    0x20000534        -       0x00000040   Zero   RW           98    .bss.aADCxConvertedData  main.o
    0x20000574        -       0x0000005c   Zero   RW           97    .bss.hadc           main.o
    0x200005d0        -       0x00000048   Zero   RW          110    .bss.hdma_adc       main.o
    0x20000618        -       0x0000004c   Zero   RW          111    .bss.hi2c1          main.o
    0x20000664        -       0x0000004c   Zero   RW          106    .bss.hi2c3          main.o
    0x200006b0        -       0x00000040   Zero   RW          108    .bss.htim6          main.o
    0x200006f0        -       0x00000084   Zero   RW           96    .bss.huart2         main.o
    0x20000774   0x08009814   0x0000000c   PAD
    0x20000780        -       0x000004a8   Zero   RW         1507    .bss.noinit         eventrecorder.o
    0x20000c28        -       0x00000038   Zero   RW          109    .bss.sc_handle      main.o
    0x20000c60        -       0x0000001e   Zero   RW          104    .bss.statechart_displayInfo.string_display  main.o
    0x20000c7e   0x08009814   0x00000002   PAD
    0x20000c80        -       0x00000004   Zero   RW          325    .bss.uwTick         stm32l0xx_hal.o
    0x20000c84   0x08009814   0x00000004   PAD
    0x20000c88        -       0x00000200   Zero   RW            2    HEAP                startup_stm32l073xx.o
    0x20000e88        -       0x00000400   Zero   RW            1    STACK               startup_stm32l073xx.o


==============================================================================

Image component sizes


      Code (inc. data)   RO Data    RW Data    ZI Data      Debug   Object Name

      1642         72         24          0       1193       8715   eventrecorder.o
         0          0       3420          8          0        885   fonts.o
      2372        252         90          0        803      16617   main.o
      1240         12          0          0       1030       6063   ssd1306.o
        56         26        192          0       1536        632   startup_stm32l073xx.o
      1580         16          0          0          0       9494   statechart.o
       296         32          0          5          4       6640   stm32l0xx_hal.o
      1820         48          0          0          0      10430   stm32l0xx_hal_adc.o
       322         24          0          0          0       6212   stm32l0xx_hal_cortex.o
      1100         16          0          0          0       6263   stm32l0xx_hal_dma.o
       886         48          0          0          0       4728   stm32l0xx_hal_gpio.o
      1906         24          0          0          0      34522   stm32l0xx_hal_i2c.o
       310          0          0          0          0       5287   stm32l0xx_hal_i2c_ex.o
       668         72          0          0          0      10626   stm32l0xx_hal_msp.o
       202         12          0          0          0       4324   stm32l0xx_hal_pwr.o
      3312        172          0          0          0       8906   stm32l0xx_hal_rcc.o
       784         24          0          0          0       8029   stm32l0xx_hal_rcc_ex.o
      1038         24          0          0          0      34971   stm32l0xx_hal_tim.o
       204          0          0          0          0       4146   stm32l0xx_hal_tim_ex.o
      4598        252          0          0          0      34594   stm32l0xx_hal_uart.o
         8          0          0          0          0       8049   stm32l0xx_hal_uart_ex.o
        86         12          0          0          0       1182   stm32l0xx_it.o
         2          0         33          4          0       1919   system_stm32l0xx.o

    ----------------------------------------------------------------------
     24470       1138       3792         20       4628     233234   Object Totals
         0          0         32          0          0          0   (incl. Generated)
        38          0          1          3         62          0   (incl. Padding)

    ----------------------------------------------------------------------

      Code (inc. data)   RO Data    RW Data    ZI Data      Debug   Library Member Name

         8          0          0          0          0         68   __main.o
       392          6         17          0          0         76   __printf_flags_ss_wp.o
        14          0          0          0          0         60   __printf_wp.o
         0          0          0          0          0          0   __rtentry.o
        12          0          0          0          0          0   __rtentry2.o
         6          0          0          0          0          0   __rtentry4.o
        86         10          0          0          0          0   __scatter.o
        26          0          0          0          0          0   __scatter_copy.o
        28          0          0          0          0          0   __scatter_zi.o
        66          0          0          0          0         76   _c16rtomb.o
        10          0          0          0          0          0   _printf_a.o
        10          0          0          0          0          0   _printf_c.o
        46          0          0          0          0        100   _printf_char.o
        48          6          0          0          0         88   _printf_char_common.o
        38          0          0          0          0         60   _printf_charcount.o
        10          0          0          0          0          0   _printf_d.o
       108         18          0          0          0         76   _printf_dec.o
        10          0          0          0          0          0   _printf_e.o
        10          0          0          0          0          0   _printf_f.o
      1044         12          0          0          0        116   _printf_fp_dec.o
       728         10         38          0          0         84   _printf_fp_hex.o
       136         16          0          0          0         76   _printf_fp_infnan.o
        10          0          0          0          0          0   _printf_g.o
       152          4         40          0          0        148   _printf_hex_int_ll_ptr.o
        10          0          0          0          0          0   _printf_i.o
       176          0          0          0          0         84   _printf_intcommon.o
        10          0          0          0          0          0   _printf_l.o
        10          0          0          0          0          0   _printf_lc.o
        10          0          0          0          0          0   _printf_ll.o
        10          0          0          0          0          0   _printf_lld.o
        10          0          0          0          0          0   _printf_lli.o
        10          0          0          0          0          0   _printf_llo.o
        10          0          0          0          0          0   _printf_llu.o
        10          0          0          0          0          0   _printf_llx.o
       112         18          0          0          0         76   _printf_longlong_dec.o
        10          0          0          0          0          0   _printf_ls.o
        10          0          0          0          0          0   _printf_n.o
        10          0          0          0          0          0   _printf_o.o
       112         10          0          0          0        112   _printf_oct_int_ll.o
        10          0          0          0          0          0   _printf_p.o
        78          0          0          0          0        100   _printf_pad.o
         2          0          0          0          0          0   _printf_percent.o
         4          0          0          0          0          0   _printf_percent_end.o
        10          0          0          0          0          0   _printf_s.o
        82          0          0          0          0         72   _printf_str.o
        36          0          0          0          0         76   _printf_truncate.o
        10          0          0          0          0          0   _printf_u.o
        46          0          0          0          0        100   _printf_wchar.o
       188          6          8          0          0         80   _printf_wctomb.o
        10          0          0          0          0          0   _printf_x.o
        22          0          0          0          0         92   _rserrno.o
        16          0          0          0          0         60   _snputc.o
        10          0          0          0          0         60   _sputc.o
       364          4          0          0          0         92   aeabi_sdiv.o
       216          6        148          0          0         80   bigflt0.o
      1456         30          0          0          0        336   btod.o
        16          0          0          0          0         68   exit.o
         6          0          0          0          0        136   heapauxi.o
         0          0          0          0          0          0   indicate_semi.o
        44         10        272          0          0         76   lc_ctype_c.o
        44         10         28          0          0         76   lc_numeric_c.o
         2          0          0          0          0          0   libinit.o
        30          0          0          0          0          0   libinit2.o
         2          0          0          0          0          0   libshutdown.o
         2          0          0          0          0          0   libshutdown2.o
         8          4          0          0         96         68   libspace.o
        48          0          0          0          0         72   llmul.o
       272          0          0          0          0         88   lludiv.o
       122          0          0          0          0         72   lludiv10.o
        16          4          0          0          0         76   rt_ctype_table.o
         8          4          0          0          0         68   rt_errno_addr_intlibspace.o
         8          4          0          0          0         68   rt_locale_intlibspace.o
        64          0          0          0          0        108   rt_memclr.o
         2          0          0          0          0          0   rtexit.o
        10          0          0          0          0          0   rtexit2.o
        40          0          0          0          0         60   rtudiv10.o
        64          4          0          0          0         84   snprintf.o
        44          4          0          0          0         84   sprintf.o
       136          4          0          0          0         72   strcmp.o
        68          6          0          0          0         72   strlen.o
        12          4          0          0          0         60   sys_exit.o
        62          0          0          0          0         80   sys_stackheap_outer.o
         2          0          0          0          0         68   use_no_semi.o
        46          0          0          0          0         60   cmpret.o
       124          4          0          0          0         72   d2f.o
       584         26          0          0          0         84   dmul.o
        84          4          0          0          0         60   f2d.o
       348          8          0          0          0        160   faddsub.o
        26          0          0          0          0         68   fcmp.o
       100          4          0          0          0         68   fcmpin.o
       352         10         64          0          0         92   fdiv.o
        94          0          0          0          0         92   fflti.o
        84          4          0          0          0         76   flef.o
       176          4          0          0          0         80   fmul.o
        16          6          0          0          0         68   fnan2.o
        68          4          0          0          0         68   fscalbn.o
        16          4          0          0          0         76   printf1.o
        16          4          0          0          0         76   printf2.o
        94          0          0          0          0         68   retnan.o
         0          0          0          0          0          0   usenofp.o
        44          4          0          0          0         60   fpclassify.o
        36          0          0          0          0        204   funder.o
       380         42         64          0          0         76   logf.o

    ----------------------------------------------------------------------
      9918        342        680          0         96       5612   Library Totals
        20          0          1          0          0          0   (incl. Padding)

    ----------------------------------------------------------------------

      Code (inc. data)   RO Data    RW Data    ZI Data      Debug   Library Name

      7210        214        551          0         96       4004   c_p.l
      2228         82         64          0          0       1268   fz_ps.l
       460         46         64          0          0        340   m_ps.l

    ----------------------------------------------------------------------
      9918        342        680          0         96       5612   Library Totals

    ----------------------------------------------------------------------

==============================================================================


      Code (inc. data)   RO Data    RW Data    ZI Data      Debug   

     34388       1480       4472         20       4724     235598   Grand Totals
     34388       1480       4472         20       4724     235598   ELF Image Totals
     34388       1480       4472         20          0          0   ROM Totals

==============================================================================

    Total RO  Size (Code + RO Data)                38860 (  37.95kB)
    Total RW  Size (RW Data + ZI Data)              4744 (   4.63kB)
    Total ROM Size (Code + RO Data + RW Data)      38880 (  37.97kB)

==============================================================================

